 PhysX3CommonDEBUG_x64

 Timestamp is 59c37a3a (Thu Sep 21 16:37:14 2017)

 Preferred load address is 0000000180000000

 Start         Length     Name                   Class
 0001:00000000 00013c20H .text$di                CODE
 0001:00013c20 0025ad90H .text$mn                CODE
 0001:0026e9b0 00001100H .text$mn$00             CODE
 0001:0026fab0 0000115fH .text$x                 CODE
 0002:00000000 00000110H .CRT$XCA                DATA
 0002:00000110 00001d00H .CRT$XCU                DATA
 0002:00001e10 00000110H .CRT$XCZ                DATA
 0002:00001f20 00000110H .CRT$XIA                DATA
 0002:00002030 00000110H .CRT$XIZ                DATA
 0002:00002140 00000110H .CRT$XPA                DATA
 0002:00002250 00000110H .CRT$XPZ                DATA
 0002:00002360 00000110H .CRT$XTA                DATA
 0002:00002470 00000110H .CRT$XTZ                DATA
 0002:00002580 0000d1a8H .rdata                  DATA
 0002:0000f728 00000188H .rdata$r                DATA
 0002:0000f8b0 00000190H .rdata$zzzdbg           DATA
 0002:0000fa40 00000110H .rtc$IAA                DATA
 0002:0000fb50 00000aa0H .rtc$IMZ                DATA
 0002:000105f0 00000110H .rtc$IZZ                DATA
 0002:00010700 00000110H .rtc$TAA                DATA
 0002:00010810 00000aa0H .rtc$TMZ                DATA
 0002:000112b0 00000110H .rtc$TZZ                DATA
 0002:000113c0 00009990H .xdata                  DATA
 0002:0001ad50 0000cc04H .edata                  DATA
 0003:00000000 00000aa0H .data                   DATA
 0003:00000aa0 00000520H .data$r                 DATA
 0003:00000fc0 000043a9H .bss                    DATA
 0004:00000000 0000dbccH .pdata                  DATA
 0005:00000000 000003b8H .idata$5                DATA
 0005:000003b8 0000003cH .idata$2                DATA
 0005:000003f4 00000014H .idata$3                DATA
 0005:00000408 000003b8H .idata$4                DATA
 0005:000007c0 000006d1H .idata$6                DATA
 0006:00000000 00000020H .didat$2                DATA
 0006:00000020 00000020H .didat$3                DATA
 0006:00000040 00000130H .didat$4                DATA
 0006:00000170 00000130H .didat$5                DATA
 0006:000002a0 000005c8H .didat$6                DATA
 0006:00000868 000001d3H .didat$7                DATA
 0007:00000000 0000013fH .00cfg                  DATA
 0008:00000000 000001c0H .rsrc$01                DATA
 0008:000001c0 000006a9H .rsrc$02                DATA

  Address         Publics by Value              Rva+Base               Lib:Object

 0000:00000000       ___safe_se_handler_count   0000000000000000     <absolute>
 0000:00000000       __hybrid_code_map_count    0000000000000000     <absolute>
 0000:00000000       __guard_longjmp_table      0000000000000000     <absolute>
 0000:00000000       __guard_fids_table         0000000000000000     <absolute>
 0000:00000000       __hybrid_auxiliary_iat     0000000000000000     <absolute>
 0000:00000000       __guard_longjmp_count      0000000000000000     <absolute>
 0000:00000000       __enclave_config           0000000000000000     <absolute>
 0000:00000000       __guard_fids_count         0000000000000000     <absolute>
 0000:00000000       __hybrid_code_map          0000000000000000     <absolute>
 0000:00000000       __guard_iat_table          0000000000000000     <absolute>
 0000:00000000       __guard_iat_count          0000000000000000     <absolute>
 0000:00000000       ___safe_se_handler_table   0000000000000000     <absolute>
 0000:00000000       __dynamic_value_reloc_table 0000000000000000     <absolute>
 0000:00000100       __guard_flags              0000000000000100     <absolute>
 0000:00000000       __ImageBase                0000000180000000     <linker-defined>
 0001:00013c20       PxSetPhysXCommonDelayLoadHook 0000000180014c20 f   CmWindowsDelayLoadHook.obj
 0001:00013c40       ?delayHook@@YAP6A_JXZIPEAUDelayLoadInfo@@@Z 0000000180014c40 f   CmWindowsDelayLoadHook.obj
 0001:00013cf0       ?foundationDliNotePreLoadLibrary@shdfnd@physx@@YAP6A_JXZPEBDPEBVPxFoundationDelayLoadHook@2@@Z 0000000180014cf0 f i CmWindowsDelayLoadHook.obj
 0001:00013e30       ?loadLibrary@Cm@physx@@YAPEAUHINSTANCE__@@PEBD@Z 0000000180014e30 f i CmWindowsDelayLoadHook.obj
 0001:00013e50       ?physXCommonDliNotePreLoadLibrary@Cm@physx@@YAP6A_JXZPEBDPEBVPxDelayLoadHook@2@@Z 0000000180014e50 f i CmWindowsDelayLoadHook.obj
 0001:000140c0       ??0CmModuleUpdateLoader@Cm@physx@@QEAA@PEBD@Z 00000001800150c0 f   CmWindowsModuleUpdateLoader.obj
 0001:00014130       ??1CmModuleUpdateLoader@Cm@physx@@QEAA@XZ 0000000180015130 f   CmWindowsModuleUpdateLoader.obj
 0001:00014170       ?LoadModule@CmModuleUpdateLoader@Cm@physx@@QEAAPEAUHINSTANCE__@@PEBD0@Z 0000000180015170 f   CmWindowsModuleUpdateLoader.obj
 0001:00014220       ??0Allocator@shdfnd@physx@@QEAA@PEBD@Z 0000000180015220 f i CmWindowsModuleUpdateLoader.obj
 0001:00014240       ??0PxFoundation@physx@@QEAA@AEBV01@@Z 0000000180015240 f i CmWindowsModuleUpdateLoader.obj
 0001:00014270       ??0PxFoundation@physx@@QEAA@XZ 0000000180015270 f i CmWindowsModuleUpdateLoader.obj
 0001:00014290       ??1PxFoundation@physx@@MEAA@XZ 0000000180015290 f i CmWindowsModuleUpdateLoader.obj
 0001:000142b0       ??4Allocator@shdfnd@physx@@QEAAAEAV012@$$QEAV012@@Z 00000001800152b0 f i CmWindowsModuleUpdateLoader.obj
 0001:000142d0       ??4Allocator@shdfnd@physx@@QEAAAEAV012@AEBV012@@Z 00000001800152d0 f i CmWindowsModuleUpdateLoader.obj
 0001:000142f0       ??4CmModuleUpdateLoader@Cm@physx@@QEAAAEAV012@AEBV012@@Z 00000001800152f0 f i CmWindowsModuleUpdateLoader.obj
 0001:00014320       ??4MutexImpl@shdfnd@physx@@QEAAAEAV012@AEBV012@@Z 0000000180015320 f i CmWindowsModuleUpdateLoader.obj
 0001:00014340       ??4PxFoundation@physx@@QEAAAEAV01@AEBV01@@Z 0000000180015340 f i CmWindowsModuleUpdateLoader.obj
 0001:00014360       ??_EPxFoundation@physx@@MEAAPEAXI@Z 0000000180015360 f i CmWindowsModuleUpdateLoader.obj
 0001:00014430       ??_FAllocator@shdfnd@physx@@QEAAXXZ 0000000180015430 f i CmWindowsModuleUpdateLoader.obj
 0001:00014450       ??_FNamedAllocator@shdfnd@physx@@QEAAXXZ 0000000180015450 f i CmWindowsModuleUpdateLoader.obj
 0001:00014470       ??_GPxFoundation@physx@@MEAAPEAXI@Z 0000000180015470 f i CmWindowsModuleUpdateLoader.obj
 0001:000144c0       ??_I@YAXPEAX_K1P6AX0@Z@Z   00000001800154c0 f i CmWindowsModuleUpdateLoader.obj
 0001:00014580       ?__empty_global_delete@@YAXPEAX@Z 0000000180015580 f i CmWindowsModuleUpdateLoader.obj
 0001:00014590       ?__empty_global_delete@@YAXPEAX_K@Z 0000000180015590 f i CmWindowsModuleUpdateLoader.obj
 0001:000145a0       ?getAllocator@Foundation@shdfnd@physx@@QEAAAEAVPxAllocatorCallback@3@XZ 00000001800155a0 f i CmWindowsModuleUpdateLoader.obj
 0001:000145c0       ?getAllocatorCallback@Foundation@shdfnd@physx@@UEAAAEAVPxAllocatorCallback@3@XZ 00000001800155c0 f i CmWindowsModuleUpdateLoader.obj
 0001:000145e0       ?getErrorCallback@Foundation@shdfnd@physx@@UEAAAEAVPxErrorCallback@3@XZ 00000001800155e0 f i CmWindowsModuleUpdateLoader.obj
 0001:00014600       ?getErrorLevel@Foundation@shdfnd@physx@@UEBA?AW4Enum@PxErrorCode@3@XZ 0000000180015600 f i CmWindowsModuleUpdateLoader.obj
 0001:00014620       ?getInternalErrorCallback@Foundation@shdfnd@physx@@QEAAAEAVPxErrorCallback@3@XZ 0000000180015620 f i CmWindowsModuleUpdateLoader.obj
 0001:00014640       ?getNamedAllocMap@Foundation@shdfnd@physx@@QEAAAEAV?$HashMap@PEBVNamedAllocator@shdfnd@physx@@PEBDU?$Hash@PEBVNamedAllocator@shdfnd@physx@@@23@VNonTrackingAllocator@23@@23@XZ 0000000180015640 f i CmWindowsModuleUpdateLoader.obj
 0001:00014660       ?getNamedAllocMutex@Foundation@shdfnd@physx@@QEAAAEAV?$MutexT@VAllocator@shdfnd@physx@@@23@XZ 0000000180015660 f i CmWindowsModuleUpdateLoader.obj
 0001:00014680       ?getReportAllocationNames@Foundation@shdfnd@physx@@UEBA_NXZ 0000000180015680 f i CmWindowsModuleUpdateLoader.obj
 0001:000146a0       ?getTempAllocFreeTable@Foundation@shdfnd@physx@@QEAAAEAV?$Array@PEATTempAllocatorChunk@shdfnd@physx@@VAllocator@23@@23@XZ 00000001800156a0 f i CmWindowsModuleUpdateLoader.obj
 0001:000146c0       ?getTempAllocMutex@Foundation@shdfnd@physx@@QEAAAEAV?$MutexT@VAllocator@shdfnd@physx@@@23@XZ 00000001800156c0 f i CmWindowsModuleUpdateLoader.obj
 0001:000146e0       ?setErrorLevel@Foundation@shdfnd@physx@@UEAAXW4Enum@PxErrorCode@3@@Z 00000001800156e0 f i CmWindowsModuleUpdateLoader.obj
 0001:00014700       ?setReportAllocationNames@Foundation@shdfnd@physx@@UEAAX_N@Z 0000000180015700 f i CmWindowsModuleUpdateLoader.obj
 0001:00014720       ?CompleteBoxPruning@Cm@physx@@YA_NPEBVPxBounds3@2@IAEAV?$Array@IVNamedAllocator@shdfnd@physx@@@shdfnd@2@AEBVAxes@Gu@2@@Z 0000000180015720 f   CmBoxPruning.obj
 0001:00014a90       ?BipartiteBoxPruning@Cm@physx@@YA_NPEBVPxBounds3@2@I0IAEAV?$Array@IVNamedAllocator@shdfnd@physx@@@shdfnd@2@AEBVAxes@Gu@2@@Z 0000000180015a90 f   CmBoxPruning.obj
 0001:00015310       ??$PX_UNUSED@I@@YAXAEBI@Z  0000000180016310 f i CmBoxPruning.obj
 0001:00015320       ??0NonTrackingAllocator@shdfnd@physx@@QEAA@PEBD@Z 0000000180016320 f i CmBoxPruning.obj
 0001:00015340       ??2@YAPEAX_KPEAX@Z         0000000180016340 f i CmBoxPruning.obj
 0001:00015360       ??APxVec3@physx@@QEBAAEBMI@Z 0000000180016360 f i CmBoxPruning.obj
 0001:000153f0       ?GetNbHits@RadixSort@Cm@physx@@QEBAIXZ 00000001800163f0 f i CmBoxPruning.obj
 0001:00015410       ?GetNbTotalCalls@RadixSort@Cm@physx@@QEBAIXZ 0000000180016410 f i CmBoxPruning.obj
 0001:00015430       ?GetRanks@RadixSort@Cm@physx@@QEBAPEBIXZ 0000000180016430 f i CmBoxPruning.obj
 0001:00015450       ?GetRecyclable@RadixSort@Cm@physx@@QEBAPEAIXZ 0000000180016450 f i CmBoxPruning.obj
 0001:00015470       ?PxIsFinite@physx@@YA_NM@Z 0000000180016470 f i CmBoxPruning.obj
 0001:00015490       ?allocate@?$Array@IVNamedAllocator@shdfnd@physx@@@shdfnd@physx@@IEAAPEAII@Z 0000000180016490 f i CmBoxPruning.obj
 0001:00015540       ?capacity@?$Array@IVNamedAllocator@shdfnd@physx@@@shdfnd@physx@@QEBAIXZ 0000000180016540 f i CmBoxPruning.obj
 0001:00015560       ?capacityIncrement@?$Array@IVNamedAllocator@shdfnd@physx@@@shdfnd@physx@@IEBAIXZ 0000000180016560 f i CmBoxPruning.obj
 0001:000155b0       ?clear@?$Array@IVNamedAllocator@shdfnd@physx@@@shdfnd@physx@@QEAAXXZ 00000001800165b0 f i CmBoxPruning.obj
 0001:00015600       ?copy@?$Array@IVNamedAllocator@shdfnd@physx@@@shdfnd@physx@@KAXPEAI0PEBI@Z 0000000180016600 f i CmBoxPruning.obj
 0001:000156e0       ?deallocate@?$Array@IVNamedAllocator@shdfnd@physx@@@shdfnd@physx@@IEAAXPEAX@Z 00000001800166e0 f i CmBoxPruning.obj
 0001:00015710       ?deallocate@NonTrackingAllocator@shdfnd@physx@@QEAAXPEAX@Z 0000000180016710 f i CmBoxPruning.obj
 0001:00015760       ?destroy@?$Array@IVNamedAllocator@shdfnd@physx@@@shdfnd@physx@@KAXPEAI0@Z 0000000180016760 f i CmBoxPruning.obj
 0001:000157b0       ?growAndPushBack@?$Array@IVNamedAllocator@shdfnd@physx@@@shdfnd@physx@@IEAAAEAIAEBI@Z 00000001800167b0 f i CmBoxPruning.obj
 0001:00015990       ?intersects@PxBounds3@physx@@QEBA_NAEBV12@@Z 0000000180016990 f i CmBoxPruning.obj
 0001:00015af0       ?isArrayOfPOD@?$Array@IVNamedAllocator@shdfnd@physx@@@shdfnd@physx@@SA_NXZ 0000000180016af0 f i CmBoxPruning.obj
 0001:00015b00       ?isFinite@PxBounds3@physx@@QEBA_NXZ 0000000180016b00 f i CmBoxPruning.obj
 0001:00015b70       ?isFinite@PxVec3@physx@@QEBA_NXZ 0000000180016b70 f i CmBoxPruning.obj
 0001:00015bf0       ?isFinite@intrinsics@physx@@YA_NM@Z 0000000180016bf0 f i CmBoxPruning.obj
 0001:00015c40       ?isInUserMemory@?$Array@IVNamedAllocator@shdfnd@physx@@@shdfnd@physx@@QEBAIXZ 0000000180016c40 f i CmBoxPruning.obj
 0001:00015c60       ?isValid@PxBounds3@physx@@QEBA_NXZ 0000000180016c60 f i CmBoxPruning.obj
 0001:00015d90       ?memCopy@intrinsics@physx@@YAPEAXPEIAXPEIBXI@Z 0000000180016d90 f i CmBoxPruning.obj
 0001:00015dd0       ?pushBack@?$Array@IVNamedAllocator@shdfnd@physx@@@shdfnd@physx@@QEAAAEAIAEBI@Z 0000000180016dd0 f i CmBoxPruning.obj
 0001:00015ea0       ?PxCreateCollection@@YAPEAVPxCollection@physx@@XZ 0000000180016ea0 f   CmCollection.obj
 0001:00015f10       ?add@Collection@Cm@physx@@UEAAXAEAVPxBase@3@_K@Z 0000000180016f10 f   CmCollection.obj
 0001:00016010       ?remove@Collection@Cm@physx@@UEAAXAEAVPxBase@3@@Z 0000000180017010 f   CmCollection.obj
 0001:00016100       ?contains@Collection@Cm@physx@@UEBA_NAEAVPxBase@3@@Z 0000000180017100 f   CmCollection.obj
 0001:00016160       ?addId@Collection@Cm@physx@@UEAAXAEAVPxBase@3@_K@Z 0000000180017160 f   CmCollection.obj
 0001:00016330       ?removeId@Collection@Cm@physx@@UEAAX_K@Z 0000000180017330 f   CmCollection.obj
 0001:00016450       ?find@Collection@Cm@physx@@UEBAPEAVPxBase@3@_K@Z 0000000180017450 f   CmCollection.obj
 0001:000164f0       ?add@Collection@Cm@physx@@UEAAXAEAVPxCollection@3@@Z 00000001800174f0 f   CmCollection.obj
 0001:00016710       ?remove@Collection@Cm@physx@@UEAAXAEAVPxCollection@3@@Z 0000000180017710 f   CmCollection.obj
 0001:00016830       ?getNbObjects@Collection@Cm@physx@@UEBAIXZ 0000000180017830 f   CmCollection.obj
 0001:00016860       ?getObject@Collection@Cm@physx@@UEBAAEAVPxBase@3@I@Z 0000000180017860 f   CmCollection.obj
 0001:00016900       ?getObjects@Collection@Cm@physx@@UEBAIPEAPEAVPxBase@3@II@Z 0000000180017900 f   CmCollection.obj
 0001:00016a30       ?getNbIds@Collection@Cm@physx@@UEBAIXZ 0000000180017a30 f   CmCollection.obj
 0001:00016a60       ?getId@Collection@Cm@physx@@UEBA_KAEBVPxBase@3@@Z 0000000180017a60 f   CmCollection.obj
 0001:00016ad0       ?getIds@Collection@Cm@physx@@UEBAIPEA_KII@Z 0000000180017ad0 f   CmCollection.obj
 0001:00016f90       ??$?2V?$ReflectionAllocator@VCollection@Cm@physx@@@shdfnd@physx@@@UserAllocated@shdfnd@physx@@SAPEAX_KV?$ReflectionAllocator@VCollection@Cm@physx@@@12@PEBDH@Z 0000000180017f90 f i CmCollection.obj
 0001:00016fe0       ??0?$CoalescedHashMap@PEAVPxBase@physx@@_KU?$Hash@PEAVPxBase@physx@@@shdfnd@2@VNonTrackingAllocator@42@@shdfnd@physx@@QEAA@IM@Z 0000000180017fe0 f i CmCollection.obj
 0001:00017020       ??0?$CoalescedHashMap@_KPEAVPxBase@physx@@U?$Hash@_K@shdfnd@2@VNonTrackingAllocator@42@@shdfnd@physx@@QEAA@IM@Z 0000000180018020 f i CmCollection.obj
 0001:00017060       ??0?$CollectionHashMap@PEAVPxBase@physx@@_KU?$Hash@PEAVPxBase@physx@@@shdfnd@2@VNonTrackingAllocator@42@@Cm@physx@@QEAA@IM@Z 0000000180018060 f i CmCollection.obj
 0001:000170a0       ??0?$CollectionHashMap@_KPEAVPxBase@physx@@U?$Hash@_K@shdfnd@2@VNonTrackingAllocator@42@@Cm@physx@@QEAA@IM@Z 00000001800180a0 f i CmCollection.obj
 0001:000170e0       ??0?$HashBase@V?$Pair@$$CB_KPEAVPxBase@physx@@@shdfnd@physx@@_KU?$Hash@_K@23@UGetKey@?$HashMapBase@_KPEAVPxBase@physx@@U?$Hash@_K@shdfnd@2@VNonTrackingAllocator@42@@internal@23@VNonTrackingAllocator@23@$00@internal@shdfnd@physx@@QEAA@IM@Z 00000001800180e0 f i CmCollection.obj
 0001:00017140       ??0?$HashBase@V?$Pair@QEAVPxBase@physx@@_K@shdfnd@physx@@PEAVPxBase@3@U?$Hash@PEAVPxBase@physx@@@23@UGetKey@?$HashMapBase@PEAVPxBase@physx@@_KU?$Hash@PEAVPxBase@physx@@@shdfnd@2@VNonTrackingAllocator@42@@internal@23@VNonTrackingAllocator@23@$00@internal@shdfnd@physx@@QEAA@IM@Z 0000000180018140 f i CmCollection.obj
 0001:000171a0       ??0?$HashMapBase@PEAVPxBase@physx@@_KU?$Hash@PEAVPxBase@physx@@@shdfnd@2@VNonTrackingAllocator@42@@internal@shdfnd@physx@@QEAA@IM@Z 00000001800181a0 f i CmCollection.obj
 0001:000171f0       ??0?$HashMapBase@_KPEAVPxBase@physx@@U?$Hash@_K@shdfnd@2@VNonTrackingAllocator@42@@internal@shdfnd@physx@@QEAA@IM@Z 00000001800181f0 f i CmCollection.obj
 0001:00017240       ??0?$Pair@$$CB_KPEAVPxBase@physx@@@shdfnd@physx@@QEAA@AEBV012@@Z 0000000180018240 f i CmCollection.obj
 0001:00017280       ??0?$Pair@$$CB_KPEAVPxBase@physx@@@shdfnd@physx@@QEAA@AEB_KAEBQEAVPxBase@2@@Z 0000000180018280 f i CmCollection.obj
 0001:000172d0       ??0?$Pair@QEAVPxBase@physx@@_K@shdfnd@physx@@QEAA@AEBQEAVPxBase@2@AEB_K@Z 00000001800182d0 f i CmCollection.obj
 0001:00017320       ??0?$Pair@QEAVPxBase@physx@@_K@shdfnd@physx@@QEAA@AEBV012@@Z 0000000180018320 f i CmCollection.obj
 0001:00017360       ??0?$ReflectionAllocator@VCollection@Cm@physx@@@shdfnd@physx@@QEAA@PEBD@Z 0000000180018360 f i CmCollection.obj
 0001:00017380       ??0Collection@Cm@physx@@QEAA@XZ 0000000180018380 f i CmCollection.obj
 0001:00017410       ??0Iter@?$HashBase@V?$Pair@$$CB_KPEAVPxBase@physx@@@shdfnd@physx@@_KU?$Hash@_K@23@UGetKey@?$HashMapBase@_KPEAVPxBase@physx@@U?$Hash@_K@shdfnd@2@VNonTrackingAllocator@42@@internal@23@VNonTrackingAllocator@23@$00@internal@shdfnd@physx@@QEAA@AEAV1234@@Z 0000000180018410 f i CmCollection.obj
 0001:000174c0       ??0PxCollection@physx@@IEAA@XZ 00000001800184c0 f i CmCollection.obj
 0001:000174e0       ??1?$CoalescedHashMap@PEAVPxBase@physx@@_KU?$Hash@PEAVPxBase@physx@@@shdfnd@2@VNonTrackingAllocator@42@@shdfnd@physx@@QEAA@XZ 00000001800184e0 f i CmCollection.obj
 0001:00017500       ??1?$CoalescedHashMap@_KPEAVPxBase@physx@@U?$Hash@_K@shdfnd@2@VNonTrackingAllocator@42@@shdfnd@physx@@QEAA@XZ 0000000180018500 f i CmCollection.obj
 0001:00017520       ??1?$CollectionHashMap@PEAVPxBase@physx@@_KU?$Hash@PEAVPxBase@physx@@@shdfnd@2@VNonTrackingAllocator@42@@Cm@physx@@QEAA@XZ 0000000180018520 f i CmCollection.obj
 0001:00017540       ??1?$CollectionHashMap@_KPEAVPxBase@physx@@U?$Hash@_K@shdfnd@2@VNonTrackingAllocator@42@@Cm@physx@@QEAA@XZ 0000000180018540 f i CmCollection.obj
 0001:00017560       ??1?$HashBase@V?$Pair@$$CB_KPEAVPxBase@physx@@@shdfnd@physx@@_KU?$Hash@_K@23@UGetKey@?$HashMapBase@_KPEAVPxBase@physx@@U?$Hash@_K@shdfnd@2@VNonTrackingAllocator@42@@internal@23@VNonTrackingAllocator@23@$00@internal@shdfnd@physx@@QEAA@XZ 0000000180018560 f i CmCollection.obj
 0001:000175b0       ??1?$HashBase@V?$Pair@QEAVPxBase@physx@@_K@shdfnd@physx@@PEAVPxBase@3@U?$Hash@PEAVPxBase@physx@@@23@UGetKey@?$HashMapBase@PEAVPxBase@physx@@_KU?$Hash@PEAVPxBase@physx@@@shdfnd@2@VNonTrackingAllocator@42@@internal@23@VNonTrackingAllocator@23@$00@internal@shdfnd@physx@@QEAA@XZ 00000001800185b0 f i CmCollection.obj
 0001:00017600       ??1?$HashMapBase@PEAVPxBase@physx@@_KU?$Hash@PEAVPxBase@physx@@@shdfnd@2@VNonTrackingAllocator@42@@internal@shdfnd@physx@@QEAA@XZ 0000000180018600 f i CmCollection.obj
 0001:00017630       ??1?$HashMapBase@_KPEAVPxBase@physx@@U?$Hash@_K@shdfnd@2@VNonTrackingAllocator@42@@internal@shdfnd@physx@@QEAA@XZ 0000000180018630 f i CmCollection.obj
 0001:00017660       ??1Collection@Cm@physx@@UEAA@XZ 0000000180018660 f i CmCollection.obj
 0001:000176b0       ??1PxCollection@physx@@MEAA@XZ 00000001800186b0 f i CmCollection.obj
 0001:000176d0       ??3UserAllocated@shdfnd@physx@@SAXPEAX@Z 00000001800186d0 f i CmCollection.obj
 0001:00017700       ??A?$HashMapBase@PEAVPxBase@physx@@_KU?$Hash@PEAVPxBase@physx@@@shdfnd@2@VNonTrackingAllocator@42@@internal@shdfnd@physx@@QEAAAEA_KAEBQEAVPxBase@3@@Z 0000000180018700 f i CmCollection.obj
 0001:00017790       ??A?$HashMapBase@_KPEAVPxBase@physx@@U?$Hash@_K@shdfnd@2@VNonTrackingAllocator@42@@internal@shdfnd@physx@@QEAAAEAPEAVPxBase@3@AEB_K@Z 0000000180018790 f i CmCollection.obj
 0001:00017820       ??CIter@?$HashBase@V?$Pair@$$CB_KPEAVPxBase@physx@@@shdfnd@physx@@_KU?$Hash@_K@23@UGetKey@?$HashMapBase@_KPEAVPxBase@physx@@U?$Hash@_K@shdfnd@2@VNonTrackingAllocator@42@@internal@23@VNonTrackingAllocator@23@$00@internal@shdfnd@physx@@QEAAPEAV?$Pair@$$CB_KPEAVPxBase@physx@@@34@XZ 0000000180018820 f i CmCollection.obj
 0001:00017870       ??EIter@?$HashBase@V?$Pair@$$CB_KPEAVPxBase@physx@@@shdfnd@physx@@_KU?$Hash@_K@23@UGetKey@?$HashMapBase@_KPEAVPxBase@physx@@U?$Hash@_K@shdfnd@2@VNonTrackingAllocator@42@@internal@23@VNonTrackingAllocator@23@$00@internal@shdfnd@physx@@QEAA?AV01234@H@Z 0000000180018870 f i CmCollection.obj
 0001:000178f0       ??R?$Hash@PEAVPxBase@physx@@@shdfnd@physx@@QEBAIAEBQEAVPxBase@2@@Z 00000001800188f0 f i CmCollection.obj
 0001:00017920       ??R?$Hash@_K@shdfnd@physx@@QEBAIAEB_K@Z 0000000180018920 f i CmCollection.obj
 0001:00017950       ??RGetKey@?$HashMapBase@PEAVPxBase@physx@@_KU?$Hash@PEAVPxBase@physx@@@shdfnd@2@VNonTrackingAllocator@42@@internal@shdfnd@physx@@QEAAAEBQEAVPxBase@4@AEBV?$Pair@QEAVPxBase@physx@@_K@34@@Z 0000000180018950 f i CmCollection.obj
 0001:00017970       ??RGetKey@?$HashMapBase@_KPEAVPxBase@physx@@U?$Hash@_K@shdfnd@2@VNonTrackingAllocator@42@@internal@shdfnd@physx@@QEAAAEB_KAEBV?$Pair@$$CB_KPEAVPxBase@physx@@@34@@Z 0000000180018970 f i CmCollection.obj
 0001:00017990       ??_GCollection@Cm@physx@@UEAAPEAXI@Z 0000000180018990 f i CmCollection.obj
 0001:00017990       ??_ECollection@Cm@physx@@UEAAPEAXI@Z 0000000180018990 f i CmCollection.obj
 0001:00017a00       ??_EPxCollection@physx@@MEAAPEAXI@Z 0000000180018a00 f i CmCollection.obj
 0001:00017a00       ??_GPxCollection@physx@@MEAAPEAXI@Z 0000000180018a00 f i CmCollection.obj
 0001:00017a50       ?advance@Iter@?$HashBase@V?$Pair@$$CB_KPEAVPxBase@physx@@@shdfnd@physx@@_KU?$Hash@_K@23@UGetKey@?$HashMapBase@_KPEAVPxBase@physx@@U?$Hash@_K@shdfnd@2@VNonTrackingAllocator@42@@internal@23@VNonTrackingAllocator@23@$00@internal@shdfnd@physx@@AEAAXXZ 0000000180018a50 f i CmCollection.obj
 0001:00017aa0       ?allocate@?$ReflectionAllocator@VCollection@Cm@physx@@@shdfnd@physx@@QEAAPEAX_KPEBDH@Z 0000000180018aa0 f i CmCollection.obj
 0001:00017b40       ?allocate@NonTrackingAllocator@shdfnd@physx@@QEAAPEAX_KPEBDH@Z 0000000180018b40 f i CmCollection.obj
 0001:00017bd0       ?capacity@?$HashBase@V?$Pair@QEAVPxBase@physx@@_K@shdfnd@physx@@PEAVPxBase@3@U?$Hash@PEAVPxBase@physx@@@23@UGetKey@?$HashMapBase@PEAVPxBase@physx@@_KU?$Hash@PEAVPxBase@physx@@@shdfnd@2@VNonTrackingAllocator@42@@internal@23@VNonTrackingAllocator@23@$00@internal@shdfnd@physx@@QEBAIXZ 0000000180018bd0 f i CmCollection.obj
 0001:00017bf0       ?capacity@?$HashMapBase@PEAVPxBase@physx@@_KU?$Hash@PEAVPxBase@physx@@@shdfnd@2@VNonTrackingAllocator@42@@internal@shdfnd@physx@@QEBAIXZ 0000000180018bf0 f i CmCollection.obj
 0001:00017c20       ?check@Iter@?$HashBase@V?$Pair@$$CB_KPEAVPxBase@physx@@@shdfnd@physx@@_KU?$Hash@_K@23@UGetKey@?$HashMapBase@_KPEAVPxBase@physx@@U?$Hash@_K@shdfnd@2@VNonTrackingAllocator@42@@internal@23@VNonTrackingAllocator@23@$00@internal@shdfnd@physx@@QEBAXXZ 0000000180018c20 f i CmCollection.obj
 0001:00017cb0       ?create@?$HashBase@V?$Pair@$$CB_KPEAVPxBase@physx@@@shdfnd@physx@@_KU?$Hash@_K@23@UGetKey@?$HashMapBase@_KPEAVPxBase@physx@@U?$Hash@_K@shdfnd@2@VNonTrackingAllocator@42@@internal@23@VNonTrackingAllocator@23@$00@internal@shdfnd@physx@@QEAAPEAV?$Pair@$$CB_KPEAVPxBase@physx@@@34@AEB_KAEA_N@Z 0000000180018cb0 f i CmCollection.obj
 0001:00017ec0       ?create@?$HashBase@V?$Pair@QEAVPxBase@physx@@_K@shdfnd@physx@@PEAVPxBase@3@U?$Hash@PEAVPxBase@physx@@@23@UGetKey@?$HashMapBase@PEAVPxBase@physx@@_KU?$Hash@PEAVPxBase@physx@@@shdfnd@2@VNonTrackingAllocator@42@@internal@23@VNonTrackingAllocator@23@$00@internal@shdfnd@physx@@QEAAPEAV?$Pair@QEAVPxBase@physx@@_K@34@AEBQEAVPxBase@4@AEA_N@Z 0000000180018ec0 f i CmCollection.obj
 0001:000180d0       ?destroy@?$HashBase@V?$Pair@$$CB_KPEAVPxBase@physx@@@shdfnd@physx@@_KU?$Hash@_K@23@UGetKey@?$HashMapBase@_KPEAVPxBase@physx@@U?$Hash@_K@shdfnd@2@VNonTrackingAllocator@42@@internal@23@VNonTrackingAllocator@23@$00@internal@shdfnd@physx@@AEAAXXZ 00000001800190d0 f i CmCollection.obj
 0001:00018150       ?destroy@?$HashBase@V?$Pair@QEAVPxBase@physx@@_K@shdfnd@physx@@PEAVPxBase@3@U?$Hash@PEAVPxBase@physx@@@23@UGetKey@?$HashMapBase@PEAVPxBase@physx@@_KU?$Hash@PEAVPxBase@physx@@@shdfnd@2@VNonTrackingAllocator@42@@internal@23@VNonTrackingAllocator@23@$00@internal@shdfnd@physx@@AEAAXXZ 0000000180019150 f i CmCollection.obj
 0001:000181d0       ?done@Iter@?$HashBase@V?$Pair@$$CB_KPEAVPxBase@physx@@@shdfnd@physx@@_KU?$Hash@_K@23@UGetKey@?$HashMapBase@_KPEAVPxBase@physx@@U?$Hash@_K@shdfnd@2@VNonTrackingAllocator@42@@internal@23@VNonTrackingAllocator@23@$00@internal@shdfnd@physx@@QEBA_NXZ 00000001800191d0 f i CmCollection.obj
 0001:00018220       ?equal@?$Hash@PEAVPxBase@physx@@@shdfnd@physx@@QEBA_NAEBQEAVPxBase@3@0@Z 0000000180019220 f i CmCollection.obj
 0001:00018270       ?equal@?$Hash@_K@shdfnd@physx@@QEBA_NAEB_K0@Z 0000000180019270 f i CmCollection.obj
 0001:000182c0       ?erase@?$HashBase@V?$Pair@$$CB_KPEAVPxBase@physx@@@shdfnd@physx@@_KU?$Hash@_K@23@UGetKey@?$HashMapBase@_KPEAVPxBase@physx@@U?$Hash@_K@shdfnd@2@VNonTrackingAllocator@42@@internal@23@VNonTrackingAllocator@23@$00@internal@shdfnd@physx@@QEAA_NAEB_K@Z 00000001800192c0 f i CmCollection.obj
 0001:000183c0       ?erase@?$HashBase@V?$Pair@QEAVPxBase@physx@@_K@shdfnd@physx@@PEAVPxBase@3@U?$Hash@PEAVPxBase@physx@@@23@UGetKey@?$HashMapBase@PEAVPxBase@physx@@_KU?$Hash@PEAVPxBase@physx@@@shdfnd@2@VNonTrackingAllocator@42@@internal@23@VNonTrackingAllocator@23@$00@internal@shdfnd@physx@@QEAA_NAEBQEAVPxBase@4@@Z 00000001800193c0 f i CmCollection.obj
 0001:000184c0       ?erase@?$HashMapBase@PEAVPxBase@physx@@_KU?$Hash@PEAVPxBase@physx@@@shdfnd@2@VNonTrackingAllocator@42@@internal@shdfnd@physx@@QEAA_NAEBQEAVPxBase@4@@Z 00000001800194c0 f i CmCollection.obj
 0001:000184f0       ?erase@?$HashMapBase@_KPEAVPxBase@physx@@U?$Hash@_K@shdfnd@2@VNonTrackingAllocator@42@@internal@shdfnd@physx@@QEAA_NAEB_K@Z 00000001800194f0 f i CmCollection.obj
 0001:00018520       ?eraseInternal@?$HashBase@V?$Pair@$$CB_KPEAVPxBase@physx@@@shdfnd@physx@@_KU?$Hash@_K@23@UGetKey@?$HashMapBase@_KPEAVPxBase@physx@@U?$Hash@_K@shdfnd@2@VNonTrackingAllocator@42@@internal@23@VNonTrackingAllocator@23@$00@internal@shdfnd@physx@@AEAA_NPEAI@Z 0000000180019520 f i CmCollection.obj
 0001:000185d0       ?eraseInternal@?$HashBase@V?$Pair@QEAVPxBase@physx@@_K@shdfnd@physx@@PEAVPxBase@3@U?$Hash@PEAVPxBase@physx@@@23@UGetKey@?$HashMapBase@PEAVPxBase@physx@@_KU?$Hash@PEAVPxBase@physx@@@shdfnd@2@VNonTrackingAllocator@42@@internal@23@VNonTrackingAllocator@23@$00@internal@shdfnd@physx@@AEAA_NPEAI@Z 00000001800195d0 f i CmCollection.obj
 0001:00018680       ?find@?$HashBase@V?$Pair@$$CB_KPEAVPxBase@physx@@@shdfnd@physx@@_KU?$Hash@_K@23@UGetKey@?$HashMapBase@_KPEAVPxBase@physx@@U?$Hash@_K@shdfnd@2@VNonTrackingAllocator@42@@internal@23@VNonTrackingAllocator@23@$00@internal@shdfnd@physx@@QEBAPEBV?$Pair@$$CB_KPEAVPxBase@physx@@@34@AEB_K@Z 0000000180019680 f i CmCollection.obj
 0001:00018780       ?find@?$HashBase@V?$Pair@QEAVPxBase@physx@@_K@shdfnd@physx@@PEAVPxBase@3@U?$Hash@PEAVPxBase@physx@@@23@UGetKey@?$HashMapBase@PEAVPxBase@physx@@_KU?$Hash@PEAVPxBase@physx@@@shdfnd@2@VNonTrackingAllocator@42@@internal@23@VNonTrackingAllocator@23@$00@internal@shdfnd@physx@@QEBAPEBV?$Pair@QEAVPxBase@physx@@_K@34@AEBQEAVPxBase@4@@Z 0000000180019780 f i CmCollection.obj
 0001:00018880       ?find@?$HashMapBase@PEAVPxBase@physx@@_KU?$Hash@PEAVPxBase@physx@@@shdfnd@2@VNonTrackingAllocator@42@@internal@shdfnd@physx@@QEBAPEBV?$Pair@QEAVPxBase@physx@@_K@34@AEBQEAVPxBase@4@@Z 0000000180019880 f i CmCollection.obj
 0001:000188b0       ?find@?$HashMapBase@_KPEAVPxBase@physx@@U?$Hash@_K@shdfnd@2@VNonTrackingAllocator@42@@internal@shdfnd@physx@@QEBAPEBV?$Pair@$$CB_KPEAVPxBase@physx@@@34@AEB_K@Z 00000001800198b0 f i CmCollection.obj
 0001:000188e0       ?freeListAdd@?$HashBase@V?$Pair@$$CB_KPEAVPxBase@physx@@@shdfnd@physx@@_KU?$Hash@_K@23@UGetKey@?$HashMapBase@_KPEAVPxBase@physx@@U?$Hash@_K@shdfnd@2@VNonTrackingAllocator@42@@internal@23@VNonTrackingAllocator@23@$00@internal@shdfnd@physx@@AEAAXI@Z 00000001800198e0 f i CmCollection.obj
 0001:000189c0       ?freeListAdd@?$HashBase@V?$Pair@$$CB_KPEAVPxBase@physx@@@shdfnd@physx@@_KU?$Hash@_K@23@UGetKey@?$HashMapBase@_KPEAVPxBase@physx@@U?$Hash@_K@shdfnd@2@VNonTrackingAllocator@42@@internal@23@VNonTrackingAllocator@23@$00@internal@shdfnd@physx@@AEAAXII@Z 00000001800199c0 f i CmCollection.obj
 0001:00018af0       ?freeListAdd@?$HashBase@V?$Pair@QEAVPxBase@physx@@_K@shdfnd@physx@@PEAVPxBase@3@U?$Hash@PEAVPxBase@physx@@@23@UGetKey@?$HashMapBase@PEAVPxBase@physx@@_KU?$Hash@PEAVPxBase@physx@@@shdfnd@2@VNonTrackingAllocator@42@@internal@23@VNonTrackingAllocator@23@$00@internal@shdfnd@physx@@AEAAXI@Z 0000000180019af0 f i CmCollection.obj
 0001:00018bd0       ?freeListAdd@?$HashBase@V?$Pair@QEAVPxBase@physx@@_K@shdfnd@physx@@PEAVPxBase@3@U?$Hash@PEAVPxBase@physx@@@23@UGetKey@?$HashMapBase@PEAVPxBase@physx@@_KU?$Hash@PEAVPxBase@physx@@@shdfnd@2@VNonTrackingAllocator@42@@internal@23@VNonTrackingAllocator@23@$00@internal@shdfnd@physx@@AEAAXII@Z 0000000180019bd0 f i CmCollection.obj
 0001:00018d00       ?freeListEmpty@?$HashBase@V?$Pair@$$CB_KPEAVPxBase@physx@@@shdfnd@physx@@_KU?$Hash@_K@23@UGetKey@?$HashMapBase@_KPEAVPxBase@physx@@U?$Hash@_K@shdfnd@2@VNonTrackingAllocator@42@@internal@23@VNonTrackingAllocator@23@$00@internal@shdfnd@physx@@AEBA_NXZ 0000000180019d00 f i CmCollection.obj
 0001:00018d80       ?freeListEmpty@?$HashBase@V?$Pair@QEAVPxBase@physx@@_K@shdfnd@physx@@PEAVPxBase@3@U?$Hash@PEAVPxBase@physx@@@23@UGetKey@?$HashMapBase@PEAVPxBase@physx@@_KU?$Hash@PEAVPxBase@physx@@@shdfnd@2@VNonTrackingAllocator@42@@internal@23@VNonTrackingAllocator@23@$00@internal@shdfnd@physx@@AEBA_NXZ 0000000180019d80 f i CmCollection.obj
 0001:00018e00       ?freeListGetNext@?$HashBase@V?$Pair@$$CB_KPEAVPxBase@physx@@@shdfnd@physx@@_KU?$Hash@_K@23@UGetKey@?$HashMapBase@_KPEAVPxBase@physx@@U?$Hash@_K@shdfnd@2@VNonTrackingAllocator@42@@internal@23@VNonTrackingAllocator@23@$00@internal@shdfnd@physx@@AEAAIXZ 0000000180019e00 f i CmCollection.obj
 0001:00018f60       ?freeListGetNext@?$HashBase@V?$Pair@QEAVPxBase@physx@@_K@shdfnd@physx@@PEAVPxBase@3@U?$Hash@PEAVPxBase@physx@@@23@UGetKey@?$HashMapBase@PEAVPxBase@physx@@_KU?$Hash@PEAVPxBase@physx@@@shdfnd@2@VNonTrackingAllocator@42@@internal@23@VNonTrackingAllocator@23@$00@internal@shdfnd@physx@@AEAAIXZ 0000000180019f60 f i CmCollection.obj
 0001:000190c0       ?getEntries@?$CoalescedHashMap@PEAVPxBase@physx@@_KU?$Hash@PEAVPxBase@physx@@@shdfnd@2@VNonTrackingAllocator@42@@shdfnd@physx@@QEBAPEBV?$Pair@QEAVPxBase@physx@@_K@23@XZ 000000018001a0c0 f i CmCollection.obj
 0001:000190e0       ?getEntries@?$HashBase@V?$Pair@QEAVPxBase@physx@@_K@shdfnd@physx@@PEAVPxBase@3@U?$Hash@PEAVPxBase@physx@@@23@UGetKey@?$HashMapBase@PEAVPxBase@physx@@_KU?$Hash@PEAVPxBase@physx@@@shdfnd@2@VNonTrackingAllocator@42@@internal@23@VNonTrackingAllocator@23@$00@internal@shdfnd@physx@@QEBAPEBV?$Pair@QEAVPxBase@physx@@_K@34@XZ 000000018001a0e0 f i CmCollection.obj
 0001:00019100       ?getFoundation@shdfnd@physx@@YAAEAVFoundation@12@XZ 000000018001a100 f i CmCollection.obj
 0001:00019120       ?getIterator@?$HashMapBase@_KPEAVPxBase@physx@@U?$Hash@_K@shdfnd@2@VNonTrackingAllocator@42@@internal@shdfnd@physx@@QEAA?AVIter@?$HashBase@V?$Pair@$$CB_KPEAVPxBase@physx@@@shdfnd@physx@@_KU?$Hash@_K@23@UGetKey@?$HashMapBase@_KPEAVPxBase@physx@@U?$Hash@_K@shdfnd@2@VNonTrackingAllocator@42@@internal@23@VNonTrackingAllocator@23@$00@234@XZ 000000018001a120 f i CmCollection.obj
 0001:00019160       ?getName@?$ReflectionAllocator@VCollection@Cm@physx@@@shdfnd@physx@@CAPEBDXZ 000000018001a160 f i CmCollection.obj
 0001:000191b0       ?grow@?$HashBase@V?$Pair@$$CB_KPEAVPxBase@physx@@@shdfnd@physx@@_KU?$Hash@_K@23@UGetKey@?$HashMapBase@_KPEAVPxBase@physx@@U?$Hash@_K@shdfnd@2@VNonTrackingAllocator@42@@internal@23@VNonTrackingAllocator@23@$00@internal@shdfnd@physx@@AEAAXXZ 000000018001a1b0 f i CmCollection.obj
 0001:00019290       ?grow@?$HashBase@V?$Pair@QEAVPxBase@physx@@_K@shdfnd@physx@@PEAVPxBase@3@U?$Hash@PEAVPxBase@physx@@@23@UGetKey@?$HashMapBase@PEAVPxBase@physx@@_KU?$Hash@PEAVPxBase@physx@@@shdfnd@2@VNonTrackingAllocator@42@@internal@23@VNonTrackingAllocator@23@$00@internal@shdfnd@physx@@AEAAXXZ 000000018001a290 f i CmCollection.obj
 0001:00019370       ?hash@?$HashBase@V?$Pair@$$CB_KPEAVPxBase@physx@@@shdfnd@physx@@_KU?$Hash@_K@23@UGetKey@?$HashMapBase@_KPEAVPxBase@physx@@U?$Hash@_K@shdfnd@2@VNonTrackingAllocator@42@@internal@23@VNonTrackingAllocator@23@$00@internal@shdfnd@physx@@AEBAIAEB_K@Z 000000018001a370 f i CmCollection.obj
 0001:000193b0       ?hash@?$HashBase@V?$Pair@$$CB_KPEAVPxBase@physx@@@shdfnd@physx@@_KU?$Hash@_K@23@UGetKey@?$HashMapBase@_KPEAVPxBase@physx@@U?$Hash@_K@shdfnd@2@VNonTrackingAllocator@42@@internal@23@VNonTrackingAllocator@23@$00@internal@shdfnd@physx@@AEBAIAEB_KI@Z 000000018001a3b0 f i CmCollection.obj
 0001:000193f0       ?hash@?$HashBase@V?$Pair@QEAVPxBase@physx@@_K@shdfnd@physx@@PEAVPxBase@3@U?$Hash@PEAVPxBase@physx@@@23@UGetKey@?$HashMapBase@PEAVPxBase@physx@@_KU?$Hash@PEAVPxBase@physx@@@shdfnd@2@VNonTrackingAllocator@42@@internal@23@VNonTrackingAllocator@23@$00@internal@shdfnd@physx@@AEBAIAEBQEAVPxBase@4@@Z 000000018001a3f0 f i CmCollection.obj
 0001:00019430       ?hash@?$HashBase@V?$Pair@QEAVPxBase@physx@@_K@shdfnd@physx@@PEAVPxBase@3@U?$Hash@PEAVPxBase@physx@@@23@UGetKey@?$HashMapBase@PEAVPxBase@physx@@_KU?$Hash@PEAVPxBase@physx@@@shdfnd@2@VNonTrackingAllocator@42@@internal@23@VNonTrackingAllocator@23@$00@internal@shdfnd@physx@@AEBAIAEBQEAVPxBase@4@I@Z 000000018001a430 f i CmCollection.obj
 0001:00019470       ?hash@shdfnd@physx@@YAIPEBX@Z 000000018001a470 f i CmCollection.obj
 0001:00019490       ?hash@shdfnd@physx@@YAI_K@Z 000000018001a490 f i CmCollection.obj
 0001:000195a0       ?init@?$HashBase@V?$Pair@$$CB_KPEAVPxBase@physx@@@shdfnd@physx@@_KU?$Hash@_K@23@UGetKey@?$HashMapBase@_KPEAVPxBase@physx@@U?$Hash@_K@shdfnd@2@VNonTrackingAllocator@42@@internal@23@VNonTrackingAllocator@23@$00@internal@shdfnd@physx@@AEAAXIM@Z 000000018001a5a0 f i CmCollection.obj
 0001:00019680       ?init@?$HashBase@V?$Pair@QEAVPxBase@physx@@_K@shdfnd@physx@@PEAVPxBase@3@U?$Hash@PEAVPxBase@physx@@@23@UGetKey@?$HashMapBase@PEAVPxBase@physx@@_KU?$Hash@PEAVPxBase@physx@@@shdfnd@2@VNonTrackingAllocator@42@@internal@23@VNonTrackingAllocator@23@$00@internal@shdfnd@physx@@AEAAXIM@Z 000000018001a680 f i CmCollection.obj
 0001:00019760       ?insert@?$HashMapBase@PEAVPxBase@physx@@_KU?$Hash@PEAVPxBase@physx@@@shdfnd@2@VNonTrackingAllocator@42@@internal@shdfnd@physx@@QEAA_NQEAVPxBase@4@_K@Z 000000018001a760 f i CmCollection.obj
 0001:00019810       ?insert@?$HashMapBase@_KPEAVPxBase@physx@@U?$Hash@_K@shdfnd@2@VNonTrackingAllocator@42@@internal@shdfnd@physx@@QEAA_N_KQEAVPxBase@4@@Z 000000018001a810 f i CmCollection.obj
 0001:000198c0       ?isPowerOfTwo@shdfnd@physx@@YA_NI@Z 000000018001a8c0 f i CmCollection.obj
 0001:00019910       ?memSet@intrinsics@physx@@YAPEAXPEAXHI@Z 000000018001a910 f i CmCollection.obj
 0001:00019960       ?name@type_info@@QEBAPEBDXZ 000000018001a960 f i CmCollection.obj
 0001:00019990       ?nextPowerOfTwo@shdfnd@physx@@YAII@Z 000000018001a990 f i CmCollection.obj
 0001:00019a20       ?release@Collection@Cm@physx@@UEAAXXZ 000000018001aa20 f i CmCollection.obj
 0001:00019a90       ?replaceWithLast@?$HashBase@V?$Pair@$$CB_KPEAVPxBase@physx@@@shdfnd@physx@@_KU?$Hash@_K@23@UGetKey@?$HashMapBase@_KPEAVPxBase@physx@@U?$Hash@_K@shdfnd@2@VNonTrackingAllocator@42@@internal@23@VNonTrackingAllocator@23@$00@internal@shdfnd@physx@@AEAAXI@Z 000000018001aa90 f i CmCollection.obj
 0001:00019c30       ?replaceWithLast@?$HashBase@V?$Pair@QEAVPxBase@physx@@_K@shdfnd@physx@@PEAVPxBase@3@U?$Hash@PEAVPxBase@physx@@@23@UGetKey@?$HashMapBase@PEAVPxBase@physx@@_KU?$Hash@PEAVPxBase@physx@@@shdfnd@2@VNonTrackingAllocator@42@@internal@23@VNonTrackingAllocator@23@$00@internal@shdfnd@physx@@AEAAXI@Z 000000018001ac30 f i CmCollection.obj
 0001:00019dd0       ?reserve@?$HashBase@V?$Pair@$$CB_KPEAVPxBase@physx@@@shdfnd@physx@@_KU?$Hash@_K@23@UGetKey@?$HashMapBase@_KPEAVPxBase@physx@@U?$Hash@_K@shdfnd@2@VNonTrackingAllocator@42@@internal@23@VNonTrackingAllocator@23@$00@internal@shdfnd@physx@@QEAAXI@Z 000000018001add0 f i CmCollection.obj
 0001:00019e10       ?reserve@?$HashBase@V?$Pair@QEAVPxBase@physx@@_K@shdfnd@physx@@PEAVPxBase@3@U?$Hash@PEAVPxBase@physx@@@23@UGetKey@?$HashMapBase@PEAVPxBase@physx@@_KU?$Hash@PEAVPxBase@physx@@@shdfnd@2@VNonTrackingAllocator@42@@internal@23@VNonTrackingAllocator@23@$00@internal@shdfnd@physx@@QEAAXI@Z 000000018001ae10 f i CmCollection.obj
 0001:00019e50       ?reserve@?$HashMapBase@PEAVPxBase@physx@@_KU?$Hash@PEAVPxBase@physx@@@shdfnd@2@VNonTrackingAllocator@42@@internal@shdfnd@physx@@QEAAXI@Z 000000018001ae50 f i CmCollection.obj
 0001:00019e80       ?reserveInternal@?$HashBase@V?$Pair@$$CB_KPEAVPxBase@physx@@@shdfnd@physx@@_KU?$Hash@_K@23@UGetKey@?$HashMapBase@_KPEAVPxBase@physx@@U?$Hash@_K@shdfnd@2@VNonTrackingAllocator@42@@internal@23@VNonTrackingAllocator@23@$00@internal@shdfnd@physx@@AEAAXI@Z 000000018001ae80 f i CmCollection.obj
 0001:0001a530       ?reserveInternal@?$HashBase@V?$Pair@QEAVPxBase@physx@@_K@shdfnd@physx@@PEAVPxBase@3@U?$Hash@PEAVPxBase@physx@@@23@UGetKey@?$HashMapBase@PEAVPxBase@physx@@_KU?$Hash@PEAVPxBase@physx@@@shdfnd@2@VNonTrackingAllocator@42@@internal@23@VNonTrackingAllocator@23@$00@internal@shdfnd@physx@@AEAAXI@Z 000000018001b530 f i CmCollection.obj
 0001:0001abe0       ?size@?$HashBase@V?$Pair@$$CB_KPEAVPxBase@physx@@@shdfnd@physx@@_KU?$Hash@_K@23@UGetKey@?$HashMapBase@_KPEAVPxBase@physx@@U?$Hash@_K@shdfnd@2@VNonTrackingAllocator@42@@internal@23@VNonTrackingAllocator@23@$00@internal@shdfnd@physx@@QEBAIXZ 000000018001bbe0 f i CmCollection.obj
 0001:0001ac00       ?size@?$HashBase@V?$Pair@QEAVPxBase@physx@@_K@shdfnd@physx@@PEAVPxBase@3@U?$Hash@PEAVPxBase@physx@@@23@UGetKey@?$HashMapBase@PEAVPxBase@physx@@_KU?$Hash@PEAVPxBase@physx@@@shdfnd@2@VNonTrackingAllocator@42@@internal@23@VNonTrackingAllocator@23@$00@internal@shdfnd@physx@@QEBAIXZ 000000018001bc00 f i CmCollection.obj
 0001:0001ac20       ?size@?$HashMapBase@PEAVPxBase@physx@@_KU?$Hash@PEAVPxBase@physx@@@shdfnd@2@VNonTrackingAllocator@42@@internal@shdfnd@physx@@QEBAIXZ 000000018001bc20 f i CmCollection.obj
 0001:0001ac50       ?size@?$HashMapBase@_KPEAVPxBase@physx@@U?$Hash@_K@shdfnd@2@VNonTrackingAllocator@42@@internal@shdfnd@physx@@QEBAIXZ 000000018001bc50 f i CmCollection.obj
 0001:0001ac80       ?skip@Iter@?$HashBase@V?$Pair@$$CB_KPEAVPxBase@physx@@@shdfnd@physx@@_KU?$Hash@_K@23@UGetKey@?$HashMapBase@_KPEAVPxBase@physx@@U?$Hash@_K@shdfnd@2@VNonTrackingAllocator@42@@internal@23@VNonTrackingAllocator@23@$00@internal@shdfnd@physx@@AEAAXXZ 000000018001bc80 f i CmCollection.obj
 0001:0001ad00       ?PxTransformFromPlaneEquation@physx@@YA?AVPxTransform@1@AEBVPxPlane@1@@Z 000000018001bd00 f   CmMathUtils.obj
 0001:0001af20       ?PxTransformFromSegment@physx@@YA?AVPxTransform@1@AEBVPxVec3@1@0PEAM@Z 000000018001bf20 f   CmMathUtils.obj
 0001:0001b140       ??$PX_UNUSED@W4PxIDENTITY@physx@@@@YAXAEBW4PxIDENTITY@physx@@@Z 000000018001c140 f i CmMathUtils.obj
 0001:0001b150       ??0PxPlane@physx@@QEAA@AEBV01@@Z 000000018001c150 f i CmMathUtils.obj
 0001:0001b1a0       ??0PxQuat@physx@@QEAA@AEBV01@@Z 000000018001c1a0 f i CmMathUtils.obj
 0001:0001b220       ??0PxQuat@physx@@QEAA@MMMM@Z 000000018001c220 f i CmMathUtils.obj
 0001:0001b2a0       ??0PxQuat@physx@@QEAA@W4PxIDENTITY@1@@Z 000000018001c2a0 f i CmMathUtils.obj
 0001:0001b310       ??0PxQuat@physx@@QEAA@XZ   000000018001c310 f i CmMathUtils.obj
 0001:0001b320       ??0PxTransform@physx@@QEAA@AEBVPxVec3@1@AEBVPxQuat@1@@Z 000000018001c320 f i CmMathUtils.obj
 0001:0001b3f0       ??0PxVec3@physx@@QEAA@AEBV01@@Z 000000018001c3f0 f i CmMathUtils.obj
 0001:0001b450       ??0PxVec3@physx@@QEAA@MMM@Z 000000018001c450 f i CmMathUtils.obj
 0001:0001b4b0       ??4PxQuat@physx@@QEAAAEAV01@AEBV01@@Z 000000018001c4b0 f i CmMathUtils.obj
 0001:0001b530       ??DPxQuat@physx@@QEBA?AV01@M@Z 000000018001c530 f i CmMathUtils.obj
 0001:0001b5d0       ??DPxVec3@physx@@QEBA?AV01@M@Z 000000018001c5d0 f i CmMathUtils.obj
 0001:0001b660       ??GPxVec3@physx@@QEBA?AV01@AEBV01@@Z 000000018001c660 f i CmMathUtils.obj
 0001:0001b700       ??GPxVec3@physx@@QEBA?AV01@XZ 000000018001c700 f i CmMathUtils.obj
 0001:0001b790       ??HPxVec3@physx@@QEBA?AV01@AEBV01@@Z 000000018001c790 f i CmMathUtils.obj
 0001:0001b830       ??KPxVec3@physx@@QEBA?AV01@M@Z 000000018001c830 f i CmMathUtils.obj
 0001:0001b8d0       ??XPxVec3@physx@@QEAAAEAV01@M@Z 000000018001c8d0 f i CmMathUtils.obj
 0001:0001b950       ?PxAbs@physx@@YAMM@Z       000000018001c950 f i CmMathUtils.obj
 0001:0001b970       ?PxSqrt@physx@@YAMM@Z      000000018001c970 f i CmMathUtils.obj
 0001:0001b990       ?abs@intrinsics@physx@@YAMM@Z 000000018001c990 f i CmMathUtils.obj
 0001:0001b9b0       ?isFinite@PxQuat@physx@@QEBA_NXZ 000000018001c9b0 f i CmMathUtils.obj
 0001:0001ba50       ?isSane@PxQuat@physx@@QEBA_NXZ 000000018001ca50 f i CmMathUtils.obj
 0001:0001bad0       ?magnitude@PxQuat@physx@@QEBAMXZ 000000018001cad0 f i CmMathUtils.obj
 0001:0001bb00       ?magnitude@PxVec3@physx@@QEBAMXZ 000000018001cb00 f i CmMathUtils.obj
 0001:0001bb30       ?magnitudeSquared@PxQuat@physx@@QEBAMXZ 000000018001cb30 f i CmMathUtils.obj
 0001:0001bbb0       ?magnitudeSquared@PxVec3@physx@@QEBAMXZ 000000018001cbb0 f i CmMathUtils.obj
 0001:0001bc10       ?normalize@PxPlane@physx@@QEAAXXZ 000000018001cc10 f i CmMathUtils.obj
 0001:0001bc90       ?sqrt@intrinsics@physx@@YAMM@Z 000000018001cc90 f i CmMathUtils.obj
 0001:0001bcc0       fabsf                      000000018001ccc0 f i CmMathUtils.obj
 0001:0001bcf0       ??0PtrTable@Cm@physx@@QEAA@XZ 000000018001ccf0 f   CmPtrTable.obj
 0001:0001bd30       ??1PtrTable@Cm@physx@@QEAA@XZ 000000018001cd30 f   CmPtrTable.obj
 0001:0001be40       ?add@PtrTable@Cm@physx@@QEAAXPEAXAEAVPtrTableStorageManager@23@@Z 000000018001ce40 f   CmPtrTable.obj
 0001:0001c260       ?replaceWithLast@PtrTable@Cm@physx@@QEAAXIAEAVPtrTableStorageManager@23@@Z 000000018001d260 f   CmPtrTable.obj
 0001:0001c660       ?clear@PtrTable@Cm@physx@@QEAAXAEAVPtrTableStorageManager@23@@Z 000000018001d660 f   CmPtrTable.obj
 0001:0001c700       ?find@PtrTable@Cm@physx@@QEBAIPEBX@Z 000000018001d700 f   CmPtrTable.obj
 0001:0001c7d0       ?exportExtraData@PtrTable@Cm@physx@@QEAAXAEAVPxSerializationContext@3@@Z 000000018001d7d0 f   CmPtrTable.obj
 0001:0001c840       ?importExtraData@PtrTable@Cm@physx@@QEAAXAEAVPxDeserializationContext@3@@Z 000000018001d840 f   CmPtrTable.obj
 0001:0001c890       ?getBinaryMetaData@PtrTable@Cm@physx@@SAXAEAVPxOutputStream@3@@Z 000000018001d890 f   CmPtrTable.obj
 0001:0001cb80       ?realloc@PtrTable@Cm@physx@@AEAAXIIAEAVPtrTableStorageManager@23@@Z 000000018001db80 f   CmPtrTable.obj
 0001:0001d160       ??$readExtraData@PEAX$0BA@@PxDeserializationContext@physx@@QEAAPEAPEAXI@Z 000000018001e160 f i CmPtrTable.obj
 0001:0001d1a0       ??$readExtraData@PEAX@PxDeserializationContext@physx@@QEAAPEAPEAXI@Z 000000018001e1a0 f i CmPtrTable.obj
 0001:0001d1f0       ??0PtrTable@Cm@physx@@QEAA@W4PxEMPTY@2@@Z 000000018001e1f0 f i CmPtrTable.obj
 0001:0001d260       ??4PtrTable@Cm@physx@@QEAAAEAU012@AEBU012@@Z 000000018001e260 f i CmPtrTable.obj
 0001:0001d290       ?PxMemCopy@physx@@YAPEAXPEIAXPEIBXI@Z 000000018001e290 f i CmPtrTable.obj
 0001:0001d2d0       ?alignExtraData@PxDeserializationContext@physx@@QEAAXI@Z 000000018001e2d0 f i CmPtrTable.obj
 0001:0001d330       ?getCount@PtrTable@Cm@physx@@QEBAIXZ 000000018001e330 f i CmPtrTable.obj
 0001:0001d350       ?getPtrs@PtrTable@Cm@physx@@QEAAPEAPEAXXZ 000000018001e350 f i CmPtrTable.obj
 0001:0001d3a0       ?getPtrs@PtrTable@Cm@physx@@QEBAPEBQEAXXZ 000000018001e3a0 f i CmPtrTable.obj
 0001:0001d3f0       ??0RadixSort@Cm@physx@@QEAA@XZ 000000018001e3f0 f   CmRadixSort.obj
 0001:0001d490       ??1RadixSort@Cm@physx@@UEAA@XZ 000000018001e490 f   CmRadixSort.obj
 0001:0001d4b0       ?Sort@RadixSort@Cm@physx@@QEAAAEAV123@PEBIIW4RadixHint@23@@Z 000000018001e4b0 f   CmRadixSort.obj
 0001:0001e560       ?Sort@RadixSort@Cm@physx@@QEAAAEAV123@PEBMI@Z 000000018001f560 f   CmRadixSort.obj
 0001:0001f510       ?SetBuffers@RadixSort@Cm@physx@@QEAA_NPEAI00PEAPEAI@Z 0000000180020510 f   CmRadixSort.obj
 0001:0001fe10       ??_ERadixSort@Cm@physx@@UEAAPEAXI@Z 0000000180020e10 f i CmRadixSort.obj
 0001:0001fed0       ??_GRadixSort@Cm@physx@@UEAAPEAXI@Z 0000000180020ed0 f i CmRadixSort.obj
 0001:0001ff20       ?CheckPassValidity@@YAPEBIIPEBIIPEBXAEAE@Z 0000000180020f20 f i CmRadixSort.obj
 0001:0001ffa0       ?PxMemZero@physx@@YAPEAXPEAXI@Z 0000000180020fa0 f i CmRadixSort.obj
 0001:0001ffd0       ?memZero@intrinsics@physx@@YAPEAXPEAXI@Z 0000000180020fd0 f i CmRadixSort.obj
 0001:00020000       ??0RadixSortBuffered@Cm@physx@@QEAA@XZ 0000000180021000 f   CmRadixSortBuffered.obj
 0001:00020040       ??1RadixSortBuffered@Cm@physx@@UEAA@XZ 0000000180021040 f   CmRadixSortBuffered.obj
 0001:000200d0       ?Sort@RadixSortBuffered@Cm@physx@@QEAAAEAV123@PEBIIW4RadixHint@23@@Z 00000001800210d0 f   CmRadixSortBuffered.obj
 0001:000201a0       ?Sort@RadixSortBuffered@Cm@physx@@QEAAAEAV123@PEBMI@Z 00000001800211a0 f   CmRadixSortBuffered.obj
 0001:00020260       ?Resize@RadixSortBuffered@Cm@physx@@AEAA_NI@Z 0000000180021260 f   CmRadixSortBuffered.obj
 0001:00020460       ??_ERadixSortBuffered@Cm@physx@@UEAAPEAXI@Z 0000000180021460 f i CmRadixSortBuffered.obj
 0001:00020520       ??_GRadixSortBuffered@Cm@physx@@UEAAPEAXI@Z 0000000180021520 f i CmRadixSortBuffered.obj
 0001:00020570       ?CheckResize@RadixSortBuffered@Cm@physx@@AEAAXI@Z 0000000180021570 f i CmRadixSortBuffered.obj
 0001:000205f0       ??6RenderOutput@Cm@physx@@QEAAAEAV012@W4Primitive@012@@Z 00000001800215f0 f   CmRenderOutput.obj
 0001:00020620       ??6RenderOutput@Cm@physx@@QEAAAEAV012@I@Z 0000000180021620 f   CmRenderOutput.obj
 0001:00020650       ??6RenderOutput@Cm@physx@@QEAAAEAV012@AEBVPxMat44@2@@Z 0000000180021650 f   CmRenderOutput.obj
 0001:00020690       ??6RenderOutput@Cm@physx@@QEAAAEAV012@AEBVPxTransform@2@@Z 0000000180021690 f   CmRenderOutput.obj
 0001:000206d0       ??6RenderOutput@Cm@physx@@QEAAAEAV012@VPxVec3@2@@Z 00000001800216d0 f   CmRenderOutput.obj
 0001:00020a50       ??6RenderOutput@Cm@physx@@QEAAAEAV012@AEBUDebugText@12@@Z 0000000180021a50 f   CmRenderOutput.obj
 0001:00020ca0       ?outputCapsule@RenderOutput@Cm@physx@@QEAAAEAV123@MMAEBVPxMat44@3@@Z 0000000180021ca0 f   CmRenderOutput.obj
 0001:00021400       ??0DebugText@Cm@physx@@QEAA@AEBVPxVec3@2@MPEBDZZ 0000000180022400 f   CmRenderOutput.obj
 0001:000214b0       ??6Cm@physx@@YAAEAVRenderOutput@01@AEAV201@AEBUDebugBox@01@@Z 00000001800224b0 f   CmRenderOutput.obj
 0001:00021eb0       ??6Cm@physx@@YAAEAVRenderOutput@01@AEAV201@AEBUDebugArrow@01@@Z 0000000180022eb0 f   CmRenderOutput.obj
 0001:00022220       ??6Cm@physx@@YAAEAVRenderOutput@01@AEAV201@AEBUDebugBasis@01@@Z 0000000180023220 f   CmRenderOutput.obj
 0001:000223e0       ??6Cm@physx@@YAAEAVRenderOutput@01@AEAV201@AEBUDebugCircle@01@@Z 00000001800233e0 f   CmRenderOutput.obj
 0001:00022510       ??6Cm@physx@@YAAEAVRenderOutput@01@AEAV201@AEBUDebugArc@01@@Z 0000000180023510 f   CmRenderOutput.obj
 0001:00022ef0       ??$PxMax@I@physx@@YAIII@Z  0000000180023ef0 f i CmRenderOutput.obj
 0001:00022f30       ??$__vcrt_va_start_verify_argument_type@PEBD@@YAXXZ 0000000180023f30 f i CmRenderOutput.obj
 0001:00022f40       ??$swap@VPxVec4@physx@@@shdfnd@physx@@YAXAEAVPxVec4@1@0@Z 0000000180023f40 f i CmRenderOutput.obj
 0001:00022f90       ??0DebugArc@Cm@physx@@QEAA@IMMM@Z 0000000180023f90 f i CmRenderOutput.obj
 0001:00023000       ??0DebugArrow@Cm@physx@@QEAA@AEBVPxVec3@2@0M@Z 0000000180024000 f i CmRenderOutput.obj
 0001:00023080       ??0DebugCircle@Cm@physx@@QEAA@IM@Z 0000000180024080 f i CmRenderOutput.obj
 0001:000230c0       ??0DebugText@Cm@physx@@QEAA@$$QEAU012@@Z 00000001800240c0 f i CmRenderOutput.obj
 0001:00023140       ??0DebugText@Cm@physx@@QEAA@AEBU012@@Z 0000000180024140 f i CmRenderOutput.obj
 0001:000231c0       ??0PxDebugLine@physx@@QEAA@AEBU01@@Z 00000001800241c0 f i CmRenderOutput.obj
 0001:00023240       ??0PxDebugLine@physx@@QEAA@AEBVPxVec3@1@0AEBI@Z 0000000180024240 f i CmRenderOutput.obj
 0001:000232d0       ??0PxDebugPoint@physx@@QEAA@AEBU01@@Z 00000001800242d0 f i CmRenderOutput.obj
 0001:00023320       ??0PxDebugPoint@physx@@QEAA@AEBVPxVec3@1@AEBI@Z 0000000180024320 f i CmRenderOutput.obj
 0001:00023370       ??0PxDebugText@physx@@QEAA@AEBU01@@Z 0000000180024370 f i CmRenderOutput.obj
 0001:000233f0       ??0PxDebugText@physx@@QEAA@AEBVPxVec3@1@AEBMAEBIPEBD@Z 00000001800243f0 f i CmRenderOutput.obj
 0001:00023470       ??0PxDebugTriangle@physx@@QEAA@AEBU01@@Z 0000000180024470 f i CmRenderOutput.obj
 0001:00023530       ??0PxDebugTriangle@physx@@QEAA@AEBVPxVec3@1@00AEBI@Z 0000000180024530 f i CmRenderOutput.obj
 0001:000235e0       ??0PxMat33@physx@@QEAA@AEBVPxQuat@1@@Z 00000001800245e0 f i CmRenderOutput.obj
 0001:00023920       ??0PxMat44@physx@@QEAA@AEBV01@@Z 0000000180024920 f i CmRenderOutput.obj
 0001:000239c0       ??0PxMat44@physx@@QEAA@AEBVPxMat33@1@AEBVPxVec3@1@@Z 00000001800249c0 f i CmRenderOutput.obj
 0001:00023a70       ??0PxMat44@physx@@QEAA@AEBVPxTransform@1@@Z 0000000180024a70 f i CmRenderOutput.obj
 0001:00023b60       ??0PxMat44@physx@@QEAA@W4PxIDENTITY@1@@Z 0000000180024b60 f i CmRenderOutput.obj
 0001:00023c50       ??0PxVec3@physx@@QEAA@M@Z  0000000180024c50 f i CmRenderOutput.obj
 0001:00023ca0       ??0PxVec3@physx@@QEAA@XZ   0000000180024ca0 f i CmRenderOutput.obj
 0001:00023cb0       ??0PxVec4@physx@@QEAA@AEBV01@@Z 0000000180024cb0 f i CmRenderOutput.obj
 0001:00023d30       ??0PxVec4@physx@@QEAA@AEBVPxVec3@1@M@Z 0000000180024d30 f i CmRenderOutput.obj
 0001:00023db0       ??0PxVec4@physx@@QEAA@MMMM@Z 0000000180024db0 f i CmRenderOutput.obj
 0001:00023e30       ??0PxVec4@physx@@QEAA@XZ   0000000180024e30 f i CmRenderOutput.obj
 0001:00023e40       ??0RenderOutput@Cm@physx@@QEAA@AEAVRenderBuffer@12@@Z 0000000180024e40 f i CmRenderOutput.obj
 0001:00023ef0       ??0RenderOutput@Cm@physx@@QEAA@AEBV012@@Z 0000000180024ef0 f i CmRenderOutput.obj
 0001:00023fc0       ??4DebugText@Cm@physx@@QEAAAEAU012@$$QEAU012@@Z 0000000180024fc0 f i CmRenderOutput.obj
 0001:00024090       ??4DebugText@Cm@physx@@QEAAAEAU012@AEBU012@@Z 0000000180025090 f i CmRenderOutput.obj
 0001:00024160       ??4PxMat44@physx@@QEAAAEAV01@AEBV01@@Z 0000000180025160 f i CmRenderOutput.obj
 0001:00024200       ??4PxVec3@physx@@QEAAAEAV01@AEBV01@@Z 0000000180025200 f i CmRenderOutput.obj
 0001:00024260       ??4PxVec4@physx@@QEAAAEAV01@AEBV01@@Z 0000000180025260 f i CmRenderOutput.obj
 0001:000242e0       ??A?$Array@UPxDebugText@physx@@VNamedAllocator@shdfnd@2@@shdfnd@physx@@QEAAAEAUPxDebugText@2@I@Z 00000001800252e0 f i CmRenderOutput.obj
 0001:00024380       ??DPxVec4@physx@@QEBA?AV01@M@Z 0000000180025380 f i CmRenderOutput.obj
 0001:00024420       ??GPxVec4@physx@@QEBA?AV01@XZ 0000000180025420 f i CmRenderOutput.obj
 0001:000244c0       ??HPxVec4@physx@@QEBA?AV01@AEBV01@@Z 00000001800254c0 f i CmRenderOutput.obj
 0001:00024570       ??YPxVec4@physx@@QEAAAEAV01@AEBV01@@Z 0000000180025570 f i CmRenderOutput.obj
 0001:00024620       ??_0PxVec3@physx@@QEAAAEAV01@M@Z 0000000180025620 f i CmRenderOutput.obj
 0001:000246b0       ?PxCos@physx@@YAMM@Z       00000001800256b0 f i CmRenderOutput.obj
 0001:000246d0       ?PxSin@physx@@YAMM@Z       00000001800256d0 f i CmRenderOutput.obj
 0001:000246f0       ?allocate@?$Array@DVNamedAllocator@shdfnd@physx@@@shdfnd@physx@@IEAAPEADI@Z 00000001800256f0 f i CmRenderOutput.obj
 0001:00024790       ?allocate@?$Array@UPxDebugLine@physx@@VNamedAllocator@shdfnd@2@@shdfnd@physx@@IEAAPEAUPxDebugLine@3@I@Z 0000000180025790 f i CmRenderOutput.obj
 0001:00024840       ?allocate@?$Array@UPxDebugPoint@physx@@VNamedAllocator@shdfnd@2@@shdfnd@physx@@IEAAPEAUPxDebugPoint@3@I@Z 0000000180025840 f i CmRenderOutput.obj
 0001:000248f0       ?allocate@?$Array@UPxDebugText@physx@@VNamedAllocator@shdfnd@2@@shdfnd@physx@@IEAAPEAUPxDebugText@3@I@Z 00000001800258f0 f i CmRenderOutput.obj
 0001:000249a0       ?allocate@?$Array@UPxDebugTriangle@physx@@VNamedAllocator@shdfnd@2@@shdfnd@physx@@IEAAPEAUPxDebugTriangle@3@I@Z 00000001800259a0 f i CmRenderOutput.obj
 0001:00024a50       ?begin@?$Array@DVNamedAllocator@shdfnd@physx@@@shdfnd@physx@@QEAAPEADXZ 0000000180025a50 f i CmRenderOutput.obj
 0001:00024a70       ?capacity@?$Array@DVNamedAllocator@shdfnd@physx@@@shdfnd@physx@@QEBAIXZ 0000000180025a70 f i CmRenderOutput.obj
 0001:00024a90       ?capacity@?$Array@UPxDebugLine@physx@@VNamedAllocator@shdfnd@2@@shdfnd@physx@@QEBAIXZ 0000000180025a90 f i CmRenderOutput.obj
 0001:00024ab0       ?capacity@?$Array@UPxDebugPoint@physx@@VNamedAllocator@shdfnd@2@@shdfnd@physx@@QEBAIXZ 0000000180025ab0 f i CmRenderOutput.obj
 0001:00024ad0       ?capacity@?$Array@UPxDebugText@physx@@VNamedAllocator@shdfnd@2@@shdfnd@physx@@QEBAIXZ 0000000180025ad0 f i CmRenderOutput.obj
 0001:00024af0       ?capacity@?$Array@UPxDebugTriangle@physx@@VNamedAllocator@shdfnd@2@@shdfnd@physx@@QEBAIXZ 0000000180025af0 f i CmRenderOutput.obj
 0001:00024b10       ?capacityIncrement@?$Array@DVNamedAllocator@shdfnd@physx@@@shdfnd@physx@@IEBAIXZ 0000000180025b10 f i CmRenderOutput.obj
 0001:00024b60       ?capacityIncrement@?$Array@UPxDebugLine@physx@@VNamedAllocator@shdfnd@2@@shdfnd@physx@@IEBAIXZ 0000000180025b60 f i CmRenderOutput.obj
 0001:00024bb0       ?capacityIncrement@?$Array@UPxDebugPoint@physx@@VNamedAllocator@shdfnd@2@@shdfnd@physx@@IEBAIXZ 0000000180025bb0 f i CmRenderOutput.obj
 0001:00024c00       ?capacityIncrement@?$Array@UPxDebugText@physx@@VNamedAllocator@shdfnd@2@@shdfnd@physx@@IEBAIXZ 0000000180025c00 f i CmRenderOutput.obj
 0001:00024c50       ?capacityIncrement@?$Array@UPxDebugTriangle@physx@@VNamedAllocator@shdfnd@2@@shdfnd@physx@@IEBAIXZ 0000000180025c50 f i CmRenderOutput.obj
 0001:00024ca0       ?copy@?$Array@DVNamedAllocator@shdfnd@physx@@@shdfnd@physx@@KAXPEAD0PEBD@Z 0000000180025ca0 f i CmRenderOutput.obj
 0001:00024d70       ?copy@?$Array@UPxDebugLine@physx@@VNamedAllocator@shdfnd@2@@shdfnd@physx@@KAXPEAUPxDebugLine@3@0PEBU43@@Z 0000000180025d70 f i CmRenderOutput.obj
 0001:00024e50       ?copy@?$Array@UPxDebugPoint@physx@@VNamedAllocator@shdfnd@2@@shdfnd@physx@@KAXPEAUPxDebugPoint@3@0PEBU43@@Z 0000000180025e50 f i CmRenderOutput.obj
 0001:00024f30       ?copy@?$Array@UPxDebugText@physx@@VNamedAllocator@shdfnd@2@@shdfnd@physx@@KAXPEAUPxDebugText@3@0PEBU43@@Z 0000000180025f30 f i CmRenderOutput.obj
 0001:00025010       ?copy@?$Array@UPxDebugTriangle@physx@@VNamedAllocator@shdfnd@2@@shdfnd@physx@@KAXPEAUPxDebugTriangle@3@0PEBU43@@Z 0000000180026010 f i CmRenderOutput.obj
 0001:00025100       ?cos@intrinsics@physx@@YAMM@Z 0000000180026100 f i CmRenderOutput.obj
 0001:00025130       ?cross@PxVec3@physx@@QEBA?AV12@AEBV12@@Z 0000000180026130 f i CmRenderOutput.obj
 0001:00025220       ?deallocate@?$Array@DVNamedAllocator@shdfnd@physx@@@shdfnd@physx@@IEAAXPEAX@Z 0000000180026220 f i CmRenderOutput.obj
 0001:00025250       ?deallocate@?$Array@UPxDebugLine@physx@@VNamedAllocator@shdfnd@2@@shdfnd@physx@@IEAAXPEAX@Z 0000000180026250 f i CmRenderOutput.obj
 0001:00025280       ?deallocate@?$Array@UPxDebugPoint@physx@@VNamedAllocator@shdfnd@2@@shdfnd@physx@@IEAAXPEAX@Z 0000000180026280 f i CmRenderOutput.obj
 0001:000252b0       ?deallocate@?$Array@UPxDebugText@physx@@VNamedAllocator@shdfnd@2@@shdfnd@physx@@IEAAXPEAX@Z 00000001800262b0 f i CmRenderOutput.obj
 0001:000252e0       ?deallocate@?$Array@UPxDebugTriangle@physx@@VNamedAllocator@shdfnd@2@@shdfnd@physx@@IEAAXPEAX@Z 00000001800262e0 f i CmRenderOutput.obj
 0001:00025310       ?destroy@?$Array@DVNamedAllocator@shdfnd@physx@@@shdfnd@physx@@KAXPEAD0@Z 0000000180026310 f i CmRenderOutput.obj
 0001:00025360       ?destroy@?$Array@UPxDebugLine@physx@@VNamedAllocator@shdfnd@2@@shdfnd@physx@@KAXPEAUPxDebugLine@3@0@Z 0000000180026360 f i CmRenderOutput.obj
 0001:000253b0       ?destroy@?$Array@UPxDebugPoint@physx@@VNamedAllocator@shdfnd@2@@shdfnd@physx@@KAXPEAUPxDebugPoint@3@0@Z 00000001800263b0 f i CmRenderOutput.obj
 0001:00025400       ?destroy@?$Array@UPxDebugText@physx@@VNamedAllocator@shdfnd@2@@shdfnd@physx@@KAXPEAUPxDebugText@3@0@Z 0000000180026400 f i CmRenderOutput.obj
 0001:00025450       ?destroy@?$Array@UPxDebugTriangle@physx@@VNamedAllocator@shdfnd@2@@shdfnd@physx@@KAXPEAUPxDebugTriangle@3@0@Z 0000000180026450 f i CmRenderOutput.obj
 0001:000254a0       ?end@?$Array@DVNamedAllocator@shdfnd@physx@@@shdfnd@physx@@QEAAPEADXZ 00000001800264a0 f i CmRenderOutput.obj
 0001:000254c0       ?end@?$Array@UPxDebugLine@physx@@VNamedAllocator@shdfnd@2@@shdfnd@physx@@QEAAPEAUPxDebugLine@3@XZ 00000001800264c0 f i CmRenderOutput.obj
 0001:000254e0       ?forceSize_Unsafe@?$Array@UPxDebugLine@physx@@VNamedAllocator@shdfnd@2@@shdfnd@physx@@QEAAXI@Z 00000001800264e0 f i CmRenderOutput.obj
 0001:00025570       ?getXYZ@PxVec4@physx@@QEBA?AVPxVec3@2@XZ 0000000180026570 f i CmRenderOutput.obj
 0001:000255c0       ?grow@?$Array@DVNamedAllocator@shdfnd@physx@@@shdfnd@physx@@IEAAXI@Z 00000001800265c0 f i CmRenderOutput.obj
 0001:00025660       ?grow@?$Array@UPxDebugLine@physx@@VNamedAllocator@shdfnd@2@@shdfnd@physx@@IEAAXI@Z 0000000180026660 f i CmRenderOutput.obj
 0001:00025700       ?growAndPushBack@?$Array@DVNamedAllocator@shdfnd@physx@@@shdfnd@physx@@IEAAAEADAEBD@Z 0000000180026700 f i CmRenderOutput.obj
 0001:000258e0       ?growAndPushBack@?$Array@UPxDebugLine@physx@@VNamedAllocator@shdfnd@2@@shdfnd@physx@@IEAAAEAUPxDebugLine@3@AEBU43@@Z 00000001800268e0 f i CmRenderOutput.obj
 0001:00025ad0       ?growAndPushBack@?$Array@UPxDebugPoint@physx@@VNamedAllocator@shdfnd@2@@shdfnd@physx@@IEAAAEAUPxDebugPoint@3@AEBU43@@Z 0000000180026ad0 f i CmRenderOutput.obj
 0001:00025cc0       ?growAndPushBack@?$Array@UPxDebugText@physx@@VNamedAllocator@shdfnd@2@@shdfnd@physx@@IEAAAEAUPxDebugText@3@AEBU43@@Z 0000000180026cc0 f i CmRenderOutput.obj
 0001:00025eb0       ?growAndPushBack@?$Array@UPxDebugTriangle@physx@@VNamedAllocator@shdfnd@2@@shdfnd@physx@@IEAAAEAUPxDebugTriangle@3@AEBU43@@Z 0000000180026eb0 f i CmRenderOutput.obj
 0001:000260a0       ?isArrayOfPOD@?$Array@DVNamedAllocator@shdfnd@physx@@@shdfnd@physx@@SA_NXZ 00000001800270a0 f i CmRenderOutput.obj
 0001:000260b0       ?isArrayOfPOD@?$Array@UPxDebugLine@physx@@VNamedAllocator@shdfnd@2@@shdfnd@physx@@SA_NXZ 00000001800270b0 f i CmRenderOutput.obj
 0001:000260c0       ?isArrayOfPOD@?$Array@UPxDebugPoint@physx@@VNamedAllocator@shdfnd@2@@shdfnd@physx@@SA_NXZ 00000001800270c0 f i CmRenderOutput.obj
 0001:000260d0       ?isArrayOfPOD@?$Array@UPxDebugText@physx@@VNamedAllocator@shdfnd@2@@shdfnd@physx@@SA_NXZ 00000001800270d0 f i CmRenderOutput.obj
 0001:000260e0       ?isArrayOfPOD@?$Array@UPxDebugTriangle@physx@@VNamedAllocator@shdfnd@2@@shdfnd@physx@@SA_NXZ 00000001800270e0 f i CmRenderOutput.obj
 0001:000260f0       ?isInUserMemory@?$Array@DVNamedAllocator@shdfnd@physx@@@shdfnd@physx@@QEBAIXZ 00000001800270f0 f i CmRenderOutput.obj
 0001:00026110       ?isInUserMemory@?$Array@UPxDebugLine@physx@@VNamedAllocator@shdfnd@2@@shdfnd@physx@@QEBAIXZ 0000000180027110 f i CmRenderOutput.obj
 0001:00026130       ?isInUserMemory@?$Array@UPxDebugPoint@physx@@VNamedAllocator@shdfnd@2@@shdfnd@physx@@QEBAIXZ 0000000180027130 f i CmRenderOutput.obj
 0001:00026150       ?isInUserMemory@?$Array@UPxDebugText@physx@@VNamedAllocator@shdfnd@2@@shdfnd@physx@@QEBAIXZ 0000000180027150 f i CmRenderOutput.obj
 0001:00026170       ?isInUserMemory@?$Array@UPxDebugTriangle@physx@@VNamedAllocator@shdfnd@2@@shdfnd@physx@@QEBAIXZ 0000000180027170 f i CmRenderOutput.obj
 0001:00026190       ?normalToTangents@shdfnd@physx@@YAXAEBVPxVec3@2@AEAV32@1@Z 0000000180027190 f i CmRenderOutput.obj
 0001:000262a0       ?normalize@PxVec3@physx@@QEAAMXZ 00000001800272a0 f i CmRenderOutput.obj
 0001:00026300       ?outputSegment@RenderOutput@Cm@physx@@QEAAXAEBVPxVec3@3@0@Z 0000000180027300 f i CmRenderOutput.obj
 0001:000263a0       ?pushBack@?$Array@DVNamedAllocator@shdfnd@physx@@@shdfnd@physx@@QEAAAEADAEBD@Z 00000001800273a0 f i CmRenderOutput.obj
 0001:00026470       ?pushBack@?$Array@UPxDebugLine@physx@@VNamedAllocator@shdfnd@2@@shdfnd@physx@@QEAAAEAUPxDebugLine@3@AEBU43@@Z 0000000180027470 f i CmRenderOutput.obj
 0001:00026540       ?pushBack@?$Array@UPxDebugPoint@physx@@VNamedAllocator@shdfnd@2@@shdfnd@physx@@QEAAAEAUPxDebugPoint@3@AEBU43@@Z 0000000180027540 f i CmRenderOutput.obj
 0001:00026610       ?pushBack@?$Array@UPxDebugText@physx@@VNamedAllocator@shdfnd@2@@shdfnd@physx@@QEAAAEAUPxDebugText@3@AEBU43@@Z 0000000180027610 f i CmRenderOutput.obj
 0001:000266e0       ?pushBack@?$Array@UPxDebugTriangle@physx@@VNamedAllocator@shdfnd@2@@shdfnd@physx@@QEAAAEAUPxDebugTriangle@3@AEBU43@@Z 00000001800276e0 f i CmRenderOutput.obj
 0001:000267b0       ?recreate@?$Array@DVNamedAllocator@shdfnd@physx@@@shdfnd@physx@@IEAAXI@Z 00000001800277b0 f i CmRenderOutput.obj
 0001:00026900       ?recreate@?$Array@UPxDebugLine@physx@@VNamedAllocator@shdfnd@2@@shdfnd@physx@@IEAAXI@Z 0000000180027900 f i CmRenderOutput.obj
 0001:00026a60       ?reserve@?$Array@DVNamedAllocator@shdfnd@physx@@@shdfnd@physx@@QEAAXI@Z 0000000180027a60 f i CmRenderOutput.obj
 0001:00026aa0       ?reserve@?$Array@UPxDebugLine@physx@@VNamedAllocator@shdfnd@2@@shdfnd@physx@@QEAAXI@Z 0000000180027aa0 f i CmRenderOutput.obj
 0001:00026ae0       ?reserveSegments@RenderOutput@Cm@physx@@QEAAPEAUPxDebugLine@3@I@Z 0000000180027ae0 f i CmRenderOutput.obj
 0001:00026b20       ?rotate@PxMat44@physx@@QEBA?BVPxVec3@2@AEBV32@@Z 0000000180027b20 f i CmRenderOutput.obj
 0001:00026b90       ?rotate@PxMat44@physx@@QEBA?BVPxVec4@2@AEBV32@@Z 0000000180027b90 f i CmRenderOutput.obj
 0001:00026c80       ?sin@intrinsics@physx@@YAMM@Z 0000000180027c80 f i CmRenderOutput.obj
 0001:00026cb0       ?size@?$Array@DVNamedAllocator@shdfnd@physx@@@shdfnd@physx@@QEBAIXZ 0000000180027cb0 f i CmRenderOutput.obj
 0001:00026cd0       ?size@?$Array@UPxDebugLine@physx@@VNamedAllocator@shdfnd@2@@shdfnd@physx@@QEBAIXZ 0000000180027cd0 f i CmRenderOutput.obj
 0001:00026cf0       ?size@?$Array@UPxDebugText@physx@@VNamedAllocator@shdfnd@2@@shdfnd@physx@@QEBAIXZ 0000000180027cf0 f i CmRenderOutput.obj
 0001:00026d10       ?transform@PxMat44@physx@@QEBA?BVPxVec3@2@AEBV32@@Z 0000000180027d10 f i CmRenderOutput.obj
 0001:00026d80       ?transform@PxMat44@physx@@QEBA?BVPxVec4@2@AEBV32@@Z 0000000180027d80 f i CmRenderOutput.obj
 0001:00027000       ?visualizeJointFrames@Cm@physx@@YAXAEAVRenderOutput@12@MAEBVPxTransform@2@1@Z 0000000180028000 f   CmVisualization.obj
 0001:00027140       ?visualizeLinearLimit@Cm@physx@@YAXAEAVRenderOutput@12@MAEBVPxTransform@2@1M_N@Z 0000000180028140 f   CmVisualization.obj
 0001:000272f0       ?visualizeAngularLimit@Cm@physx@@YAXAEAVRenderOutput@12@MAEBVPxTransform@2@MM_N@Z 00000001800282f0 f   CmVisualization.obj
 0001:000275c0       ?visualizeLimitCone@Cm@physx@@YAXAEAVRenderOutput@12@MAEBVPxTransform@2@MM_N@Z 00000001800285c0 f   CmVisualization.obj
 0001:000278f0       ?visualizeDoubleCone@Cm@physx@@YAXAEAVRenderOutput@12@MAEBVPxTransform@2@M_N@Z 00000001800288f0 f   CmVisualization.obj
 0001:000280f0       ??$PX_UNUSED@W4PxZERO@physx@@@@YAXAEBW4PxZERO@physx@@@Z 00000001800290f0 f i CmVisualization.obj
 0001:00028100       ??0DebugArrow@Cm@physx@@QEAA@AEBVPxVec3@2@0@Z 0000000180029100 f i CmVisualization.obj
 0001:00028180       ??0DebugBasis@Cm@physx@@QEAA@AEBVPxVec3@2@III@Z 0000000180029180 f i CmVisualization.obj
 0001:000281f0       ??0PxQuat@physx@@QEAA@MAEBVPxVec3@1@@Z 00000001800291f0 f i CmVisualization.obj
 0001:00028350       ??0PxTransform@physx@@QEAA@W4PxIDENTITY@1@@Z 0000000180029350 f i CmVisualization.obj
 0001:000283b0       ??0PxVec3@physx@@QEAA@W4PxZERO@1@@Z 00000001800293b0 f i CmVisualization.obj
 0001:00028410       ??DPxQuat@physx@@QEBA?AV01@AEBV01@@Z 0000000180029410 f i CmVisualization.obj
 0001:00028620       ?getBasisVector0@PxQuat@physx@@QEBA?AVPxVec3@2@XZ 0000000180029620 f i CmVisualization.obj
 0001:00028740       ?rotate@PxQuat@physx@@QEBA?BVPxVec3@2@AEBV32@@Z 0000000180029740 f i CmVisualization.obj
 0001:00028a10       ?contactBoxBox@Gu@physx@@YA_NAEBVGeometryUnion@12@0AEBVPxTransform@2@1AEBUNarrowPhaseParams@12@AEAUCache@12@AEAVContactBuffer@12@PEAVRenderOutput@Cm@2@@Z 0000000180029a10 f   GuContactBoxBox.obj
 0001:0002d340       ??$PX_UNUSED@PEAVRenderOutput@Cm@physx@@@@YAXAEBQEAVRenderOutput@Cm@physx@@@Z 000000018002e340 f i GuContactBoxBox.obj
 0001:0002d350       ??$PX_UNUSED@VGeometryUnion@Gu@physx@@@@YAXAEBVGeometryUnion@Gu@physx@@@Z 000000018002e350 f i GuContactBoxBox.obj
 0001:0002d360       ??$checkType@$$CBVPxBoxGeometry@physx@@@physx@@YAXAEBVGeometryUnion@Gu@0@@Z 000000018002e360 f i GuContactBoxBox.obj
 0001:0002d3f0       ??$get@$$CBVPxBoxGeometry@physx@@@GeometryUnion@Gu@physx@@QEBAAEBVPxBoxGeometry@2@XZ 000000018002e3f0 f i GuContactBoxBox.obj
 0001:0002d420       ??0?$PxFlags@W4Enum@PxBaseFlag@physx@@G@physx@@QEAA@AEBV01@@Z 000000018002e420 f i GuContactBoxBox.obj
 0001:0002d450       ??0Box@Gu@physx@@QEAA@AEBV012@@Z 000000018002e450 f i GuContactBoxBox.obj
 0001:0002d4d0       ??0Box@Gu@physx@@QEAA@AEBVPxVec3@2@0AEBVPxMat33@2@@Z 000000018002e4d0 f i GuContactBoxBox.obj
 0001:0002d550       ??0Box@Gu@physx@@QEAA@XZ   000000018002e550 f i GuContactBoxBox.obj
 0001:0002d5b0       ??0GeometryUnion@Gu@physx@@QEAA@AEBVPxGeometry@2@@Z 000000018002e5b0 f i GuContactBoxBox.obj
 0001:0002d5e0       ??0GeometryUnion@Gu@physx@@QEAA@W4PxEMPTY@2@@Z 000000018002e5e0 f i GuContactBoxBox.obj
 0001:0002d600       ??0GeometryUnion@Gu@physx@@QEAA@XZ 000000018002e600 f i GuContactBoxBox.obj
 0001:0002d630       ??0InvalidGeometry@Gu@physx@@QEAA@XZ 000000018002e630 f i GuContactBoxBox.obj
 0001:0002d660       ??0MaterialIndicesStruct@physx@@QEAA@W4PxEMPTY@1@@Z 000000018002e660 f i GuContactBoxBox.obj
 0001:0002d680       ??0MaterialIndicesStruct@physx@@QEAA@XZ 000000018002e680 f i GuContactBoxBox.obj
 0001:0002d6b0       ??0Matrix34@Cm@physx@@QEAA@AEBVPxMat33@2@AEBVPxVec3@2@@Z 000000018002e6b0 f i GuContactBoxBox.obj
 0001:0002d710       ??0Matrix34@Cm@physx@@QEAA@AEBVPxTransform@2@@Z 000000018002e710 f i GuContactBoxBox.obj
 0001:0002d770       ??0Matrix34@Cm@physx@@QEAA@XZ 000000018002e770 f i GuContactBoxBox.obj
 0001:0002d7b0       ??0PxGeometry@physx@@IEAA@W4Enum@PxGeometryType@1@@Z 000000018002e7b0 f i GuContactBoxBox.obj
 0001:0002d7d0       ??0PxMat33@physx@@QEAA@AEBV01@@Z 000000018002e7d0 f i GuContactBoxBox.obj
 0001:0002d850       ??0PxMat33@physx@@QEAA@AEBVPxVec3@1@00@Z 000000018002e850 f i GuContactBoxBox.obj
 0001:0002d8d0       ??0PxMat33@physx@@QEAA@W4PxIDENTITY@1@@Z 000000018002e8d0 f i GuContactBoxBox.obj
 0001:0002d970       ??0PxMat33@physx@@QEAA@XZ  000000018002e970 f i GuContactBoxBox.obj
 0001:0002d9d0       ??0PxQuat@physx@@QEAA@AEBVPxMat33@1@@Z 000000018002e9d0 f i GuContactBoxBox.obj
 0001:0002df40       ??0VertexInfo@@QEAA@XZ     000000018002ef40 f i GuContactBoxBox.obj
 0001:0002df70       ??1Box@Gu@physx@@QEAA@XZ   000000018002ef70 f i GuContactBoxBox.obj
 0001:0002df80       ??1MaterialIndicesStruct@physx@@QEAA@XZ 000000018002ef80 f i GuContactBoxBox.obj
 0001:0002df90       ??1PxBase@physx@@MEAA@XZ   000000018002ef90 f i GuContactBoxBox.obj
 0001:0002dfb0       ??1PxConvexMesh@physx@@MEAA@XZ 000000018002efb0 f i GuContactBoxBox.obj
 0001:0002dfe0       ??4Box@Gu@physx@@QEAAAEBV012@AEBV012@@Z 000000018002efe0 f i GuContactBoxBox.obj
 0001:0002e060       ??4GeometryUnion@Gu@physx@@QEAAAEAV012@$$QEAV012@@Z 000000018002f060 f i GuContactBoxBox.obj
 0001:0002e090       ??4GeometryUnion@Gu@physx@@QEAAAEAV012@AEBV012@@Z 000000018002f090 f i GuContactBoxBox.obj
 0001:0002e0c0       ??4MaterialIndicesStruct@physx@@QEAAAEAU01@AEBU01@@Z 000000018002f0c0 f i GuContactBoxBox.obj
 0001:0002e0f0       ??4PxMat33@physx@@QEAAAEAV01@AEBV01@@Z 000000018002f0f0 f i GuContactBoxBox.obj
 0001:0002e170       ??APxMat33@physx@@QEBAAEBVPxVec3@1@I@Z 000000018002f170 f i GuContactBoxBox.obj
 0001:0002e1a0       ??B?$PxFlags@W4Enum@PxBaseFlag@physx@@G@physx@@QEBA_NXZ 000000018002f1a0 f i GuContactBoxBox.obj
 0001:0002e1e0       ??DMatrix34@Cm@physx@@QEBA?AV012@AEBV012@@Z 000000018002f1e0 f i GuContactBoxBox.obj
 0001:0002e2d0       ??DPxMat33@physx@@QEBA?BV01@AEBV01@@Z 000000018002f2d0 f i GuContactBoxBox.obj
 0001:0002e390       ??DPxMat33@physx@@QEBA?BVPxVec3@1@AEBV21@@Z 000000018002f390 f i GuContactBoxBox.obj
 0001:0002e3d0       ??I?$PxFlags@W4Enum@PxBaseFlag@physx@@G@physx@@QEBA?AV01@W4Enum@PxBaseFlag@1@@Z 000000018002f3d0 f i GuContactBoxBox.obj
 0001:0002e440       ??YPxVec3@physx@@QEAAAEAV01@AEBV01@@Z 000000018002f440 f i GuContactBoxBox.obj
 0001:0002e4c0       ??ZPxVec3@physx@@QEAAAEAV01@AEBV01@@Z 000000018002f4c0 f i GuContactBoxBox.obj
 0001:0002e540       ??_EPxConvexMesh@physx@@MEAAPEAXI@Z 000000018002f540 f i GuContactBoxBox.obj
 0001:0002e600       ??_GPxBase@physx@@MEAAPEAXI@Z 000000018002f600 f i GuContactBoxBox.obj
 0001:0002e600       ??_EPxBase@physx@@MEAAPEAXI@Z 000000018002f600 f i GuContactBoxBox.obj
 0001:0002e650       ??_H@YAXPEAX_K1P6APEAX0@Z@Z 000000018002f650 f i GuContactBoxBox.obj
 0001:0002e6f0       ?FLoad@aos@shdfnd@physx@@YA?AT__m128@@M@Z 000000018002f6f0 f i GuContactBoxBox.obj
 0001:0002e720       ?V3Load@aos@shdfnd@physx@@YA?AT__m128@@M@Z 000000018002f720 f i GuContactBoxBox.obj
 0001:0002e770       ?V4Load@aos@shdfnd@physx@@YA?AT__m128@@M@Z 000000018002f770 f i GuContactBoxBox.obj
 0001:0002e7a0       ?allocate@MaterialIndicesStruct@physx@@QEAAXG@Z 000000018002f7a0 f i GuContactBoxBox.obj
 0001:0002e830       ?computeAABBExtent@Box@Gu@physx@@QEBA?AVPxVec3@3@XZ 000000018002f830 f i GuContactBoxBox.obj
 0001:0002eb50       ?computeBoxPoints@Box@Gu@physx@@QEBAXPEIAVPxVec3@3@@Z 000000018002fb50 f i GuContactBoxBox.obj
 0001:0002ebd0       ?contact@ContactBuffer@Gu@physx@@QEAA_NAEBVPxVec3@3@0MI@Z 000000018002fbd0 f i GuContactBoxBox.obj
 0001:0002ed30       ?deallocate@MaterialIndicesStruct@physx@@QEAAXXZ 000000018002fd30 f i GuContactBoxBox.obj
 0001:0002ed80       ?dot@PxVec3@physx@@QEBAMAEBV12@@Z 000000018002fd80 f i GuContactBoxBox.obj
 0001:0002ede0       ?getConcreteTypeName@PxConvexMesh@physx@@UEBAPEBDXZ 000000018002fde0 f i GuContactBoxBox.obj
 0001:0002edf0       ?getGeometry@GeometryUnion@Gu@physx@@QEBAAEBVPxGeometry@3@XZ 000000018002fdf0 f i GuContactBoxBox.obj
 0001:0002ee00       ?getInverseRT@Matrix34@Cm@physx@@QEBA?AV123@XZ 000000018002fe00 f i GuContactBoxBox.obj
 0001:0002eea0       ?getTransform@Box@Gu@physx@@QEBA?AVPxTransform@3@XZ 000000018002fea0 f i GuContactBoxBox.obj
 0001:0002ef00       ?getTranspose@PxMat33@physx@@QEBA?BV12@XZ 000000018002ff00 f i GuContactBoxBox.obj
 0001:0002efe0       ?getType@GeometryUnion@Gu@physx@@QEBA?AW4Enum@PxGeometryType@3@XZ 000000018002ffe0 f i GuContactBoxBox.obj
 0001:0002f010       ?getType@PxGeometry@physx@@QEBA?AW4Enum@PxGeometryType@2@XZ 0000000180030010 f i GuContactBoxBox.obj
 0001:0002f020       ?isKindOf@PxBase@physx@@MEBA_NPEBD@Z 0000000180030020 f i GuContactBoxBox.obj
 0001:0002f070       ?isKindOf@PxConvexMesh@physx@@MEBA_NPEBD@Z 0000000180030070 f i GuContactBoxBox.obj
 0001:0002f0e0       ?isReleasable@PxBase@physx@@UEBA_NXZ 00000001800300e0 f i GuContactBoxBox.obj
 0001:0002f120       ?isValid@Box@Gu@physx@@QEBA_NXZ 0000000180030120 f i GuContactBoxBox.obj
 0001:0002f170       ?reset@ContactBuffer@Gu@physx@@QEAAXXZ 0000000180030170 f i GuContactBoxBox.obj
 0001:0002f190       ?rotate@Box@Gu@physx@@QEBA?AVPxVec3@3@AEBV43@@Z 0000000180030190 f i GuContactBoxBox.obj
 0001:0002f1e0       ?rotateInv@Box@Gu@physx@@QEBA?AVPxVec3@3@AEBV43@@Z 00000001800301e0 f i GuContactBoxBox.obj
 0001:0002f230       ?setAxes@Box@Gu@physx@@QEAAXAEBVPxVec3@3@00@Z 0000000180030230 f i GuContactBoxBox.obj
 0001:0002f2b0       ?setEmpty@Box@Gu@physx@@QEAAXXZ 00000001800302b0 f i GuContactBoxBox.obj
 0001:0002f350       ?to8@shdfnd@physx@@YAEI@Z  0000000180030350 f i GuContactBoxBox.obj
 0001:0002f3d0       ?transform@Box@Gu@physx@@QEBA?AVPxVec3@3@AEBV43@@Z 00000001800303d0 f i GuContactBoxBox.obj
 0001:0002f440       ?transform@Matrix34@Cm@physx@@QEBA?AVPxVec3@3@AEBV43@@Z 0000000180030440 f i GuContactBoxBox.obj
 0001:0002f4b0       ?transform@PxMat33@physx@@QEBA?BVPxVec3@2@AEBV32@@Z 00000001800304b0 f i GuContactBoxBox.obj
 0001:0002f590       ?transformTranspose@PxMat33@physx@@QEBA?BVPxVec3@2@AEBV32@@Z 0000000180030590 f i GuContactBoxBox.obj
 0001:0002f6c0       ?contactCapsuleBox@Gu@physx@@YA_NAEBVGeometryUnion@12@0AEBVPxTransform@2@1AEBUNarrowPhaseParams@12@AEAUCache@12@AEAVContactBuffer@12@PEAVRenderOutput@Cm@2@@Z 00000001800306c0 f   GuContactCapsuleBox.obj
 0001:00031400       ??$PX_UNUSED@UCache@Gu@physx@@@@YAXAEBUCache@Gu@physx@@@Z 0000000180032400 f i GuContactCapsuleBox.obj
 0001:00031410       ??$checkType@$$CBVPxCapsuleGeometry@physx@@@physx@@YAXAEBVGeometryUnion@Gu@0@@Z 0000000180032410 f i GuContactCapsuleBox.obj
 0001:000314b0       ??$get@$$CBVPxCapsuleGeometry@physx@@@GeometryUnion@Gu@physx@@QEBAAEBVPxCapsuleGeometry@2@XZ 00000001800324b0 f i GuContactCapsuleBox.obj
 0001:000314e0       ??$swap@M@shdfnd@physx@@YAXAEAM0@Z 00000001800324e0 f i GuContactCapsuleBox.obj
 0001:00031540       ??0PxPlane@physx@@QEAA@XZ  0000000180032540 f i GuContactCapsuleBox.obj
 0001:00031570       ??0Segment@Gu@physx@@QEAA@XZ 0000000180032570 f i GuContactCapsuleBox.obj
 0001:000315b0       ??1Segment@Gu@physx@@QEAA@XZ 00000001800325b0 f i GuContactCapsuleBox.obj
 0001:000315c0       ??APxVec3@physx@@QEAAAEAMI@Z 00000001800325c0 f i GuContactCapsuleBox.obj
 0001:00031650       ?PxRecipSqrt@physx@@YAMM@Z 0000000180032650 f i GuContactCapsuleBox.obj
 0001:00031670       ?QuatGetMat33V@aos@shdfnd@physx@@YAXAEBT__m128@@AEAT4@11@Z 0000000180032670 f i GuContactCapsuleBox.obj
 0001:00031b10       ?V4Add@aos@shdfnd@physx@@YA?AT__m128@@T4@0@Z 0000000180032b10 f i GuContactCapsuleBox.obj
 0001:00031b50       ?V4ClearW@aos@shdfnd@physx@@YA?AT__m128@@T4@@Z 0000000180032b50 f i GuContactCapsuleBox.obj
 0001:00031b80       ?V4GetW@aos@shdfnd@physx@@YA?AT__m128@@T4@@Z 0000000180032b80 f i GuContactCapsuleBox.obj
 0001:00031bb0       ?V4GetX@aos@shdfnd@physx@@YA?AT__m128@@T4@@Z 0000000180032bb0 f i GuContactCapsuleBox.obj
 0001:00031be0       ?V4GetY@aos@shdfnd@physx@@YA?AT__m128@@T4@@Z 0000000180032be0 f i GuContactCapsuleBox.obj
 0001:00031c10       ?V4GetZ@aos@shdfnd@physx@@YA?AT__m128@@T4@@Z 0000000180032c10 f i GuContactCapsuleBox.obj
 0001:00031c40       ?V4LoadU@aos@shdfnd@physx@@YA?AT__m128@@QEBM@Z 0000000180032c40 f i GuContactCapsuleBox.obj
 0001:00031c70       ?V4Mul@aos@shdfnd@physx@@YA?AT__m128@@T4@0@Z 0000000180032c70 f i GuContactCapsuleBox.obj
 0001:00031cb0       ?V4MulAdd@aos@shdfnd@physx@@YA?AT__m128@@T4@00@Z 0000000180032cb0 f i GuContactCapsuleBox.obj
 0001:00031d60       ?V4Neg@aos@shdfnd@physx@@YA?AT__m128@@T4@@Z 0000000180032d60 f i GuContactCapsuleBox.obj
 0001:00031da0       ?V4StoreU@aos@shdfnd@physx@@YAXT__m128@@PEAM@Z 0000000180032da0 f i GuContactCapsuleBox.obj
 0001:00031dd0       ?Vec3V_From_Vec4V@aos@shdfnd@physx@@YA?AT__m128@@T4@@Z 0000000180032dd0 f i GuContactCapsuleBox.obj
 0001:00031e10       ?Vec4V_From_Vec3V@aos@shdfnd@physx@@YA?AT__m128@@T4@@Z 0000000180032e10 f i GuContactCapsuleBox.obj
 0001:00031e30       ?buildFrom@physx@@YAXAEAVBox@Gu@1@AEBVPxQuat@1@@Z 0000000180032e30 f i GuContactCapsuleBox.obj
 0001:00031fb0       ?buildFrom@physx@@YAXAEAVBox@Gu@1@AEBVPxVec3@1@1AEBVPxQuat@1@@Z 0000000180032fb0 f i GuContactCapsuleBox.obj
 0001:00032020       ?closestAxis@shdfnd@physx@@YAIAEBVPxVec3@2@AEAI1@Z 0000000180033020 f i GuContactCapsuleBox.obj
 0001:00032140       ?computeCenter@Segment@Gu@physx@@QEBA?AVPxVec3@3@XZ 0000000180033140 f i GuContactCapsuleBox.obj
 0001:000321a0       ?distance@PxPlane@physx@@QEBAMAEBVPxVec3@2@@Z 00000001800331a0 f i GuContactCapsuleBox.obj
 0001:000321e0       ?getCapsuleHalfHeightVector@Gu@physx@@YA?AVPxVec3@2@AEBVPxTransform@2@AEBVPxCapsuleGeometry@2@@Z 00000001800331e0 f i GuContactCapsuleBox.obj
 0001:00032240       ?getCapsuleSegment@Gu@physx@@YAXAEBVPxTransform@2@AEBVPxCapsuleGeometry@2@AEAVSegment@12@@Z 0000000180033240 f i GuContactCapsuleBox.obj
 0001:000322e0       ?getNormalized@PxVec3@physx@@QEBA?AV12@XZ 00000001800332e0 f i GuContactCapsuleBox.obj
 0001:00032390       ?getPointAt@Segment@Gu@physx@@QEBA?AVPxVec3@3@M@Z 0000000180033390 f i GuContactCapsuleBox.obj
 0001:00032430       ?isAlmostZero@shdfnd@physx@@YA_NAEBVPxVec3@2@@Z 0000000180033430 f i GuContactCapsuleBox.obj
 0001:000324b0       ?makeFatEdge@shdfnd@physx@@YAXAEAVPxVec3@2@0M@Z 00000001800334b0 f i GuContactCapsuleBox.obj
 0001:00032560       ?recipSqrt@intrinsics@physx@@YAMM@Z 0000000180033560 f i GuContactCapsuleBox.obj
 0001:000325a0       ?selectMin@intrinsics@physx@@YAMMM@Z 00000001800335a0 f i GuContactCapsuleBox.obj
 0001:00032670       ?contactCapsuleCapsule@Gu@physx@@YA_NAEBVGeometryUnion@12@0AEBVPxTransform@2@1AEBUNarrowPhaseParams@12@AEAUCache@12@AEAVContactBuffer@12@PEAVRenderOutput@Cm@2@@Z 0000000180033670 f   GuContactCapsuleCapsule.obj
 0001:000332e0       ?computeDirection@Segment@Gu@physx@@QEBA?AVPxVec3@3@XZ 00000001800342e0 f i GuContactCapsuleCapsule.obj
 0001:00033320       ?distanceSegmentSegmentSquared@Gu@physx@@YAMAEBVSegment@12@0PEAM1@Z 0000000180034320 f i GuContactCapsuleCapsule.obj
 0001:00033500       ?contactCapsuleConvex@Gu@physx@@YA_NAEBVGeometryUnion@12@0AEBVPxTransform@2@1AEBUNarrowPhaseParams@12@AEAUCache@12@AEAVContactBuffer@12@PEAVRenderOutput@Cm@2@@Z 0000000180034500 f   GuContactCapsuleConvex.obj
 0001:00035be0       ??$checkType@$$CBUPxConvexMeshGeometryLL@physx@@@physx@@YAXAEBVGeometryUnion@Gu@0@@Z 0000000180036be0 f i GuContactCapsuleConvex.obj
 0001:00035c70       ??$get@$$CBUPxConvexMeshGeometryLL@physx@@@GeometryUnion@Gu@physx@@QEBAAEBUPxConvexMeshGeometryLL@2@XZ 0000000180036c70 f i GuContactCapsuleConvex.obj
 0001:00035ca0       ??$getConvex@VCapsuleV@Gu@physx@@@GjkConvexBase@Gu@physx@@QEBAAEBVCapsuleV@12@XZ 0000000180036ca0 f i GuContactCapsuleConvex.obj
 0001:00035cc0       ??$getConvex@VConvexHullV@Gu@physx@@@GjkConvexBase@Gu@physx@@QEBAAEBVConvexHullV@12@XZ 0000000180036cc0 f i GuContactCapsuleConvex.obj
 0001:00035ce0       ??$gjk@U?$LocalConvex@VCapsuleV@Gu@physx@@@Gu@physx@@U?$LocalConvex@VConvexHullV@Gu@physx@@@23@@Gu@physx@@YA?AW4GjkStatus@01@AEBU?$LocalConvex@VCapsuleV@Gu@physx@@@01@AEBU?$LocalConvex@VConvexHullV@Gu@physx@@@01@AEBT__m128@@2AEAT5@333@Z 0000000180036ce0 f i GuContactCapsuleConvex.obj
 0001:00037210       ??0?$LocalConvex@VCapsuleV@Gu@physx@@@Gu@physx@@QEAA@AEBVCapsuleV@12@@Z 0000000180038210 f i GuContactCapsuleConvex.obj
 0001:00037260       ??0?$LocalConvex@VConvexHullV@Gu@physx@@@Gu@physx@@QEAA@AEBVConvexHullV@12@@Z 0000000180038260 f i GuContactCapsuleConvex.obj
 0001:000372b0       ??0?$PxBitAndDataT@G$0IAAA@@physx@@QEAA@W4PxEMPTY@1@@Z 00000001800382b0 f i GuContactCapsuleConvex.obj
 0001:000372d0       ??0?$PxBitAndDataT@I$0IAAAAAAA@@physx@@QEAA@W4PxEMPTY@1@@Z 00000001800382d0 f i GuContactCapsuleConvex.obj
 0001:000372f0       ??0CapsuleV@Gu@physx@@QEAA@AEBT__m128@@00@Z 00000001800382f0 f i GuContactCapsuleConvex.obj
 0001:000374e0       ??0CenterExtents@Gu@physx@@QEAA@XZ 00000001800384e0 f i GuContactCapsuleConvex.obj
 0001:00037520       ??0ConvexEdge@Gu@physx@@QEAA@XZ 0000000180038520 f i GuContactCapsuleConvex.obj
 0001:00037550       ??0ConvexHullData@Gu@physx@@QEAA@W4PxEMPTY@2@@Z 0000000180038550 f i GuContactCapsuleConvex.obj
 0001:000375b0       ??0ConvexHullV@Gu@physx@@QEAA@PEBUConvexHullData@12@AEBT__m128@@11_N@Z 00000001800385b0 f i GuContactCapsuleConvex.obj
 0001:00037720       ??0ConvexMesh@Gu@physx@@QEAA@V?$PxFlags@W4Enum@PxBaseFlag@physx@@G@2@@Z 0000000180038720 f i GuContactCapsuleConvex.obj
 0001:00037810       ??0ConvexV@Gu@physx@@QEAA@W4Type@ConvexType@12@AEBT__m128@@@Z 0000000180038810 f i GuContactCapsuleConvex.obj
 0001:000378a0       ??0FastVertex2ShapeScaling@Cm@physx@@QEAA@XZ 00000001800388a0 f i GuContactCapsuleConvex.obj
 0001:00037950       ??0GjkConvex@Gu@physx@@QEAA@AEBVConvexV@12@@Z 0000000180038950 f i GuContactCapsuleConvex.obj
 0001:000379a0       ??0GjkConvexBase@Gu@physx@@QEAA@AEBVConvexV@12@@Z 00000001800389a0 f i GuContactCapsuleConvex.obj
 0001:000379e0       ??0HullPolygonData@Gu@physx@@QEAA@AEBU012@@Z 00000001800389e0 f i GuContactCapsuleConvex.obj
 0001:00037a60       ??0Mat33V@aos@shdfnd@physx@@QEAA@AEBT__m128@@00@Z 0000000180038a60 f i GuContactCapsuleConvex.obj
 0001:00037ac0       ??0Mat33V@aos@shdfnd@physx@@QEAA@XZ 0000000180038ac0 f i GuContactCapsuleConvex.obj
 0001:00037ad0       ??0PolygonalBox@Gu@physx@@QEAA@AEBV012@@Z 0000000180038ad0 f i GuContactCapsuleConvex.obj
[...]
 0003:000047d2       ?_ignore@?6??freeListGetNext@?$HashBase@PEAVTriangleMesh@Gu@physx@@PEAV123@U?$Hash@PEAVTriangleMesh@Gu@physx@@@shdfnd@3@UGetKey@?$HashSetBase@PEAVTriangleMesh@Gu@physx@@U?$Hash@PEAVTriangleMesh@Gu@physx@@@shdfnd@3@VNonTrackingAllocator@53@$00@internal@53@VNonTrackingAllocator@53@$00@internal@shdfnd@physx@@AEAAIXZ@4_NA 000000018029e7d2     GuMeshFactory.obj
 0003:00004904       ?_ignore@?2??transform@PxTransform@physx@@QEBA?AV23@AEBV23@@Z@4_NA 000000018029e904     GuOverlapTests.obj
 0003:00004905       ?_ignore@?3??transform@PxTransform@physx@@QEBA?AV23@AEBV23@@Z@4_NA 000000018029e905     GuOverlapTests.obj
 0003:000049a3       ?_ignore@?L@???$gjk@U?$RelativeConvex@VBoxV@Gu@physx@@@Gu@physx@@U?$LocalConvex@VConvexHullV@Gu@physx@@@23@@Gu@physx@@YA?AW4GjkStatus@12@AEBU?$RelativeConvex@VBoxV@Gu@physx@@@12@AEBU?$LocalConvex@VConvexHullV@Gu@physx@@@12@AEBT__m128@@2AEAT6@333@Z@4_NA 000000018029e9a3     GuOverlapTests.obj
 0003:000049a4       ?_ignore@?L@???$gjk@U?$RelativeConvex@VConvexHullV@Gu@physx@@@Gu@physx@@U?$LocalConvex@VConvexHullV@Gu@physx@@@23@@Gu@physx@@YA?AW4GjkStatus@12@AEBU?$RelativeConvex@VConvexHullV@Gu@physx@@@12@AEBU?$LocalConvex@VConvexHullV@Gu@physx@@@12@AEBT__m128@@2AEAT6@333@Z@4_NA 000000018029e9a4     GuOverlapTests.obj
 0003:00004a30       ?_ignore@?2???0HFTraceSegmentCallback@?A0x8e1418b3@@QEAA@PEAUPxRaycastHit@physx@@IV?$PxFlags@W4Enum@PxHitFlag@physx@@G@4@AEBVHeightFieldUtil@Gu@4@AEBVPxTransform@4@AEBVPxVec3@4@44_N@Z@4_NA 000000018029ea30     GuRaycastTests.obj
 0003:00004a33       ?_ignore@?7???$traceSegment@UHFTraceSegmentCallback@?A0x8e1418b3@@$0A@$0A@@HeightFieldUtil@Gu@physx@@QEBAXAEBVPxVec3@3@0MPEAUHFTraceSegmentCallback@?A0x8e1418b3@@AEBVPxBounds3@3@_NPEBV43@@Z@4_NA 000000018029ea33     GuRaycastTests.obj
 0003:00004a34       ?_ignore@?P@???$traceSegment@UHFTraceSegmentCallback@?A0x8e1418b3@@$0A@$0A@@HeightFieldUtil@Gu@physx@@QEBAXAEBVPxVec3@3@0MPEAUHFTraceSegmentCallback@?A0x8e1418b3@@AEBVPxBounds3@3@_NPEBV43@@Z@4_NA 000000018029ea34     GuRaycastTests.obj
 0003:00004a35       ?_ignore@?BE@???$traceSegment@UHFTraceSegmentCallback@?A0x8e1418b3@@$0A@$0A@@HeightFieldUtil@Gu@physx@@QEBAXAEBVPxVec3@3@0MPEAUHFTraceSegmentCallback@?A0x8e1418b3@@AEBVPxBounds3@3@_NPEBV43@@Z@4_NA 000000018029ea35     GuRaycastTests.obj
 0003:00004a36       ?_ignore@?BF@???$traceSegment@UHFTraceSegmentCallback@?A0x8e1418b3@@$0A@$0A@@HeightFieldUtil@Gu@physx@@QEBAXAEBVPxVec3@3@0MPEAUHFTraceSegmentCallback@?A0x8e1418b3@@AEBVPxBounds3@3@_NPEBV43@@Z@4_NA 000000018029ea36     GuRaycastTests.obj
 0003:00004ab4       ?_ignore@?2??forceSize_Unsafe@?$Array@IVNamedAllocator@shdfnd@physx@@@shdfnd@physx@@QEAAXI@Z@4_NA 000000018029eab4     GuSweepMTD.obj
 0003:00004ab5       ?_ignore@?2???A?$Array@IVNamedAllocator@shdfnd@physx@@@shdfnd@physx@@QEAAAEAII@Z@4_NA 000000018029eab5     GuSweepMTD.obj
 0003:00004b40       ?_ignore@?BD@???$gjkRaycast@U?$LocalConvex@VCapsuleV@Gu@physx@@@Gu@physx@@U?$LocalConvex@VConvexHullV@Gu@physx@@@23@@Gu@physx@@YA_NAEBU?$LocalConvex@VCapsuleV@Gu@physx@@@12@AEBU?$LocalConvex@VConvexHullV@Gu@physx@@@12@AEBT__m128@@222AEAT5@33M@Z@4_NA 000000018029eb40     GuSweepSharedTests.obj
 0003:00004b41       ?_ignore@?BC@???$gjkPenetration@U?$LocalConvex@VCapsuleV@Gu@physx@@@Gu@physx@@U?$LocalConvex@VShrunkConvexHullV@Gu@physx@@@23@@Gu@physx@@YA?AW4GjkStatus@12@AEBU?$LocalConvex@VCapsuleV@Gu@physx@@@12@AEBU?$LocalConvex@VShrunkConvexHullV@Gu@physx@@@12@AEBT__m128@@2AEAT6@333PEIAE4AEAE_N@Z@4_NA 000000018029eb41     GuSweepSharedTests.obj
 0003:00004b42       ?_ignore@?BI@???$gjkPenetration@U?$LocalConvex@VCapsuleV@Gu@physx@@@Gu@physx@@U?$LocalConvex@VShrunkConvexHullV@Gu@physx@@@23@@Gu@physx@@YA?AW4GjkStatus@12@AEBU?$LocalConvex@VCapsuleV@Gu@physx@@@12@AEBU?$LocalConvex@VShrunkConvexHullV@Gu@physx@@@12@AEBT__m128@@2AEAT6@333PEIAE4AEAE_N@Z@4_NA 000000018029eb42     GuSweepSharedTests.obj
 0003:00004b43       ?_ignore@?BM@???$gjkPenetration@U?$LocalConvex@VCapsuleV@Gu@physx@@@Gu@physx@@U?$LocalConvex@VShrunkConvexHullV@Gu@physx@@@23@@Gu@physx@@YA?AW4GjkStatus@12@AEBU?$LocalConvex@VCapsuleV@Gu@physx@@@12@AEBU?$LocalConvex@VShrunkConvexHullV@Gu@physx@@@12@AEBT__m128@@2AEAT6@333PEIAE4AEAE_N@Z@4_NA 000000018029eb43     GuSweepSharedTests.obj
 0003:00004b44       ?_ignore@?BD@???$gjkRaycast@U?$RelativeConvex@VBoxV@Gu@physx@@@Gu@physx@@U?$LocalConvex@VConvexHullV@Gu@physx@@@23@@Gu@physx@@YA_NAEBU?$RelativeConvex@VBoxV@Gu@physx@@@12@AEBU?$LocalConvex@VConvexHullV@Gu@physx@@@12@AEBT__m128@@222AEAT5@33M@Z@4_NA 000000018029eb44     GuSweepSharedTests.obj
 0003:00004b45       ?_ignore@?BD@???$gjkRaycast@U?$RelativeConvex@VConvexHullV@Gu@physx@@@Gu@physx@@U?$LocalConvex@VConvexHullV@Gu@physx@@@23@@Gu@physx@@YA_NAEBU?$RelativeConvex@VConvexHullV@Gu@physx@@@12@AEBU?$LocalConvex@VConvexHullV@Gu@physx@@@12@AEBT__m128@@222AEAT5@33M@Z@4_NA 000000018029eb45     GuSweepSharedTests.obj
 0003:00004bc7       ?_ignore@?BD@???$gjkRaycast@U?$LocalConvex@VCapsuleV@Gu@physx@@@Gu@physx@@U?$LocalConvex@VBoxV@Gu@physx@@@23@@Gu@physx@@YA_NAEBU?$LocalConvex@VCapsuleV@Gu@physx@@@12@AEBU?$LocalConvex@VBoxV@Gu@physx@@@12@AEBT__m128@@222AEAT5@33M@Z@4_NA 000000018029ebc7     GuSweepTests.obj
 0003:00004bc8       ?_ignore@?BC@???$gjkPenetration@U?$LocalConvex@VCapsuleV@Gu@physx@@@Gu@physx@@U?$LocalConvex@VShrunkBoxV@Gu@physx@@@23@@Gu@physx@@YA?AW4GjkStatus@12@AEBU?$LocalConvex@VCapsuleV@Gu@physx@@@12@AEBU?$LocalConvex@VShrunkBoxV@Gu@physx@@@12@AEBT__m128@@2AEAT6@333PEIAE4AEAE_N@Z@4_NA 000000018029ebc8     GuSweepTests.obj
 0003:00004bc9       ?_ignore@?BI@???$gjkPenetration@U?$LocalConvex@VCapsuleV@Gu@physx@@@Gu@physx@@U?$LocalConvex@VShrunkBoxV@Gu@physx@@@23@@Gu@physx@@YA?AW4GjkStatus@12@AEBU?$LocalConvex@VCapsuleV@Gu@physx@@@12@AEBU?$LocalConvex@VShrunkBoxV@Gu@physx@@@12@AEBT__m128@@2AEAT6@333PEIAE4AEAE_N@Z@4_NA 000000018029ebc9     GuSweepTests.obj
 0003:00004bca       ?_ignore@?BM@???$gjkPenetration@U?$LocalConvex@VCapsuleV@Gu@physx@@@Gu@physx@@U?$LocalConvex@VShrunkBoxV@Gu@physx@@@23@@Gu@physx@@YA?AW4GjkStatus@12@AEBU?$LocalConvex@VCapsuleV@Gu@physx@@@12@AEBU?$LocalConvex@VShrunkBoxV@Gu@physx@@@12@AEBT__m128@@2AEAT6@333PEIAE4AEAE_N@Z@4_NA 000000018029ebca     GuSweepTests.obj
 0003:00004bcb       ?_ignore@?BD@???$gjkRaycast@U?$RelativeConvex@VBoxV@Gu@physx@@@Gu@physx@@U?$LocalConvex@VBoxV@Gu@physx@@@23@@Gu@physx@@YA_NAEBU?$RelativeConvex@VBoxV@Gu@physx@@@12@AEBU?$LocalConvex@VBoxV@Gu@physx@@@12@AEBT__m128@@222AEAT5@33M@Z@4_NA 000000018029ebcb     GuSweepTests.obj
 0003:00004bd0       __hmod__PxFoundationDEBUG_x64_dll 000000018029ebd0     PxFoundationDEBUG_x64:PxFoundationDEBUG_x64.dll
 0003:00004bd8       ?DloadKernel32@@3PEAUHINSTANCE__@@EA 000000018029ebd8     delayimp:delayhlp.obj
 0003:00004be0       ?DloadAcquireSRWLockExclusive@@3P6AXPEA_K@ZEA 000000018029ebe0     delayimp:delayhlp.obj
 0003:00004be8       ?DloadReleaseSRWLockExclusive@@3P6AXPEA_K@ZEA 000000018029ebe8     delayimp:delayhlp.obj
 0003:00004bf0       ?DloadSrwLock@@3_KA        000000018029ebf0     delayimp:delayhlp.obj
 0003:00004bf8       ?DloadSectionLockCount@@3KA 000000018029ebf8     delayimp:delayhlp.obj
 0003:00004bfc       ?DloadSectionOldProtection@@3KA 000000018029ebfc     delayimp:delayhlp.obj
 0003:00004c00       ?DloadSectionCommitPermanent@@3KA 000000018029ec00     delayimp:delayhlp.obj
 0003:00004c10       ?__type_info_root_node@@3U__type_info_node@@A 000000018029ec10     MSVCRTD:tncleanup.obj
 0003:00004c40       ?_OptionsStorage@?1??__local_stdio_printf_options@@9@4_KA 000000018029ec40     MSVCRTD:default_local_stdio_options.obj
 0003:00004c50       ?_OptionsStorage@?1??__local_stdio_scanf_options@@9@4_KA 000000018029ec50     MSVCRTD:default_local_stdio_options.obj
 0003:00004c60       __scrt_current_native_startup_state 000000018029ec60     MSVCRTD:utility.obj
 0003:00004c68       __scrt_native_startup_lock 000000018029ec68     MSVCRTD:utility.obj
 0003:00004cb0       __scrt_debugger_hook_flag  000000018029ecb0     MSVCRTD:utility_desktop.obj
 0003:00004cb4       __favor                    000000018029ecb4     MSVCRTD:_cpu_disp_.obj
 0003:00005358       __dyn_tls_init_callback    000000018029f358     <common>
 0005:00000000       __imp_LoadLibraryA         00000001802ae000     kernel32:KERNEL32.dll
 0005:00000008       __imp_FreeLibrary          00000001802ae008     kernel32:KERNEL32.dll
 0005:00000010       __imp_GetProcAddress       00000001802ae010     kernel32:KERNEL32.dll
 0005:00000018       __imp_GetCurrentProcess    00000001802ae018     kernel32:KERNEL32.dll
 0005:00000020       __imp_GetProcessHeap       00000001802ae020     kernel32:KERNEL32.dll
 0005:00000028       __imp_HeapFree             00000001802ae028     kernel32:KERNEL32.dll
 0005:00000030       __imp_HeapAlloc            00000001802ae030     kernel32:KERNEL32.dll
 0005:00000038       __imp_WideCharToMultiByte  00000001802ae038     kernel32:KERNEL32.dll
 0005:00000040       __imp_MultiByteToWideChar  00000001802ae040     kernel32:KERNEL32.dll
 0005:00000048       __imp_IsProcessorFeaturePresent 00000001802ae048     kernel32:KERNEL32.dll
 0005:00000050       __imp_GetStartupInfoW      00000001802ae050     kernel32:KERNEL32.dll
 0005:00000058       __imp_SetUnhandledExceptionFilter 00000001802ae058     kernel32:KERNEL32.dll
 0005:00000060       __imp_UnhandledExceptionFilter 00000001802ae060     kernel32:KERNEL32.dll
 0005:00000068       __imp_IsDebuggerPresent    00000001802ae068     kernel32:KERNEL32.dll
 0005:00000070       __imp_RtlVirtualUnwind     00000001802ae070     kernel32:KERNEL32.dll
 0005:00000078       __imp_RtlLookupFunctionEntry 00000001802ae078     kernel32:KERNEL32.dll
 0005:00000080       __imp_RtlCaptureContext    00000001802ae080     kernel32:KERNEL32.dll
 0005:00000088       __imp_DisableThreadLibraryCalls 00000001802ae088     kernel32:KERNEL32.dll
 0005:00000090       __imp_GetSystemTimeAsFileTime 00000001802ae090     kernel32:KERNEL32.dll
 0005:00000098       __imp_GetCurrentThreadId   00000001802ae098     kernel32:KERNEL32.dll
 0005:000000a0       __imp_GetCurrentProcessId  00000001802ae0a0     kernel32:KERNEL32.dll
 0005:000000a8       __imp_QueryPerformanceCounter 00000001802ae0a8     kernel32:KERNEL32.dll
 0005:000000b0       __imp_InitializeSListHead  00000001802ae0b0     kernel32:KERNEL32.dll
 0005:000000b8       __imp_LoadLibraryExA       00000001802ae0b8     kernel32:KERNEL32.dll
 0005:000000c0       __imp_GetModuleHandleW     00000001802ae0c0     kernel32:KERNEL32.dll
 0005:000000c8       __imp_VirtualQuery         00000001802ae0c8     kernel32:KERNEL32.dll
 0005:000000d0       __imp_VirtualProtect       00000001802ae0d0     kernel32:KERNEL32.dll
 0005:000000d8       __imp_GetSystemInfo        00000001802ae0d8     kernel32:KERNEL32.dll
 0005:000000e0       __imp_GetLastError         00000001802ae0e0     kernel32:KERNEL32.dll
 0005:000000e8       __imp_RaiseException       00000001802ae0e8     kernel32:KERNEL32.dll
 0005:000000f0       __imp_TerminateProcess     00000001802ae0f0     kernel32:KERNEL32.dll
 0005:000000f8       \177KERNEL32_NULL_THUNK_DATA 00000001802ae0f8     kernel32:KERNEL32.dll
 0005:00000180       __imp_memcpy               00000001802ae180     vcruntimed:VCRUNTIME140D.dll
 0005:00000188       __imp___std_type_info_name 00000001802ae188     vcruntimed:VCRUNTIME140D.dll
 0005:00000190       __imp_memset               00000001802ae190     vcruntimed:VCRUNTIME140D.dll
 0005:00000198       __imp_memcmp               00000001802ae198     vcruntimed:VCRUNTIME140D.dll
 0005:000001a0       __imp___std_type_info_destroy_list 00000001802ae1a0     vcruntimed:VCRUNTIME140D.dll
 0005:000001a8       __imp___C_specific_handler 00000001802ae1a8     vcruntimed:VCRUNTIME140D.dll
 0005:000001b0       __imp___vcrt_GetModuleFileNameW 00000001802ae1b0     vcruntimed:VCRUNTIME140D.dll
 0005:000001b8       __imp___vcrt_GetModuleHandleW 00000001802ae1b8     vcruntimed:VCRUNTIME140D.dll
 0005:000001c0       __imp___vcrt_LoadLibraryExW 00000001802ae1c0     vcruntimed:VCRUNTIME140D.dll
 0005:000001c8       __imp__purecall            00000001802ae1c8     vcruntimed:VCRUNTIME140D.dll
 0005:000001d0       __imp_strstr               00000001802ae1d0     vcruntimed:VCRUNTIME140D.dll
 0005:000001d8       \177VCRUNTIME140D_NULL_THUNK_DATA 00000001802ae1d8     vcruntimed:VCRUNTIME140D.dll
 0005:00000240       __imp__wsplitpath_s        00000001802ae240     ucrtd:ucrtbased.dll
 0005:00000248       __imp_wcscpy_s             00000001802ae248     ucrtd:ucrtbased.dll
 0005:00000250       __imp___stdio_common_vsprintf_s 00000001802ae250     ucrtd:ucrtbased.dll
 0005:00000258       __imp__initterm_e          00000001802ae258     ucrtd:ucrtbased.dll
 0005:00000260       __imp__initterm            00000001802ae260     ucrtd:ucrtbased.dll
 0005:00000268       __imp__free_dbg            00000001802ae268     ucrtd:ucrtbased.dll
 0005:00000270       __imp__CrtDbgReportW       00000001802ae270     ucrtd:ucrtbased.dll
 0005:00000278       __imp_strcat_s             00000001802ae278     ucrtd:ucrtbased.dll
 0005:00000280       __imp_floorf               00000001802ae280     ucrtd:ucrtbased.dll
 0005:00000288       __imp_ceilf                00000001802ae288     ucrtd:ucrtbased.dll
 0005:00000290       __imp_strcmp               00000001802ae290     ucrtd:ucrtbased.dll
 0005:00000298       __imp_strlen               00000001802ae298     ucrtd:ucrtbased.dll
 0005:000002a0       __imp_sinf                 00000001802ae2a0     ucrtd:ucrtbased.dll
 0005:000002a8       __imp_cosf                 00000001802ae2a8     ucrtd:ucrtbased.dll
 0005:000002b0       __imp_sqrtf                00000001802ae2b0     ucrtd:ucrtbased.dll
 0005:000002b8       __imp_fabs                 00000001802ae2b8     ucrtd:ucrtbased.dll
 0005:000002c0       __imp__fpclass             00000001802ae2c0     ucrtd:ucrtbased.dll
 0005:000002c8       __imp__wmakepath_s         00000001802ae2c8     ucrtd:ucrtbased.dll
 0005:000002d0       __imp_strcpy_s             00000001802ae2d0     ucrtd:ucrtbased.dll
 0005:000002d8       __imp_terminate            00000001802ae2d8     ucrtd:ucrtbased.dll
 0005:000002e0       __imp__cexit               00000001802ae2e0     ucrtd:ucrtbased.dll
 0005:000002e8       __imp__seh_filter_dll      00000001802ae2e8     ucrtd:ucrtbased.dll
 0005:000002f0       __imp__crt_atexit          00000001802ae2f0     ucrtd:ucrtbased.dll
 0005:000002f8       __imp__execute_onexit_table 00000001802ae2f8     ucrtd:ucrtbased.dll
 0005:00000300       __imp__register_onexit_function 00000001802ae300     ucrtd:ucrtbased.dll
 0005:00000308       __imp__initialize_onexit_table 00000001802ae308     ucrtd:ucrtbased.dll
 0005:00000310       __imp__initialize_narrow_environment 00000001802ae310     ucrtd:ucrtbased.dll
 0005:00000318       __imp__CrtDbgReport        00000001802ae318     ucrtd:ucrtbased.dll
 0005:00000320       __imp__configure_narrow_argv 00000001802ae320     ucrtd:ucrtbased.dll
 0005:00000328       __imp__crt_at_quick_exit   00000001802ae328     ucrtd:ucrtbased.dll
 0005:00000330       \177ucrtbased_NULL_THUNK_DATA 00000001802ae330     ucrtd:ucrtbased.dll
 0005:000003b8       __IMPORT_DESCRIPTOR_KERNEL32 00000001802ae3b8     kernel32:KERNEL32.dll
 0005:000003cc       __IMPORT_DESCRIPTOR_VCRUNTIME140D 00000001802ae3cc     vcruntimed:VCRUNTIME140D.dll
 0005:000003e0       __IMPORT_DESCRIPTOR_ucrtbased 00000001802ae3e0     ucrtd:ucrtbased.dll
 0005:000003f4       __NULL_IMPORT_DESCRIPTOR   00000001802ae3f4     kernel32:KERNEL32.dll
 0006:00000000       __DELAY_IMPORT_DESCRIPTOR_PxFoundationDEBUG_x64_dll 00000001802af000     PxFoundationDEBUG_x64:PxFoundationDEBUG_x64.dll
 0006:00000020       __NULL_DELAY_IMPORT_DESCRIPTOR 00000001802af020     PxFoundationDEBUG_x64:PxFoundationDEBUG_x64.dll
 0006:000000f8       \177PxFoundationDEBUG_x64_NULL_THUNK_DATA_DLN 00000001802af0f8     PxFoundationDEBUG_x64:PxFoundationDEBUG_x64.dll
 0006:00000170       __imp_??0NamedAllocator@shdfnd@physx@@QEAA@PEBD@Z 00000001802af170     PxFoundationDEBUG_x64:PxFoundationDEBUG_x64.dll
 0006:00000178       __imp_?unlock@MutexImpl@shdfnd@physx@@QEAAXXZ 00000001802af178     PxFoundationDEBUG_x64:PxFoundationDEBUG_x64.dll
 0006:00000180       __imp_?PxGetAssertHandler@physx@@YAAEAVPxAssertHandler@1@XZ 00000001802af180     PxFoundationDEBUG_x64:PxFoundationDEBUG_x64.dll
 0006:00000188       __imp_?getAllocator@shdfnd@physx@@YAAEAVPxAllocatorCallback@2@XZ 00000001802af188     PxFoundationDEBUG_x64:PxFoundationDEBUG_x64.dll
 0006:00000190       __imp_??1NamedAllocator@shdfnd@physx@@QEAA@XZ 00000001802af190     PxFoundationDEBUG_x64:PxFoundationDEBUG_x64.dll
 0006:00000198       __imp_?allocate@NamedAllocator@shdfnd@physx@@QEAAPEAX_KPEBDH@Z 00000001802af198     PxFoundationDEBUG_x64:PxFoundationDEBUG_x64.dll
 0006:000001a0       __imp_?deallocate@NamedAllocator@shdfnd@physx@@QEAAXPEAX@Z 00000001802af1a0     PxFoundationDEBUG_x64:PxFoundationDEBUG_x64.dll
 0006:000001a8       __imp_PxGetFoundation      00000001802af1a8     PxFoundationDEBUG_x64:PxFoundationDEBUG_x64.dll
 0006:000001b0       __imp_?getInstance@Foundation@shdfnd@physx@@SAAEAV123@XZ 00000001802af1b0     PxFoundationDEBUG_x64:PxFoundationDEBUG_x64.dll
 0006:000001b8       __imp_?error@Foundation@shdfnd@physx@@QEAAXW4Enum@PxErrorCode@3@PEBDH1ZZ 00000001802af1b8     PxFoundationDEBUG_x64:PxFoundationDEBUG_x64.dll
 0006:000001c0       __imp_?PxShortestRotation@physx@@YA?AVPxQuat@1@AEBVPxVec3@1@0@Z 00000001802af1c0     PxFoundationDEBUG_x64:PxFoundationDEBUG_x64.dll
 0006:000001c8       __imp_?vsnprintf@shdfnd@physx@@YAHPEAD_KPEBD0@Z 00000001802af1c8     PxFoundationDEBUG_x64:PxFoundationDEBUG_x64.dll
 0006:000001d0       __imp_?optimizeBoundingBox@shdfnd@physx@@YA?AVPxVec3@2@AEAVPxMat33@2@@Z 00000001802af1d0     PxFoundationDEBUG_x64:PxFoundationDEBUG_x64.dll
 0006:000001d8       __imp_??0NamedAllocator@shdfnd@physx@@QEAA@AEBV012@@Z 00000001802af1d8     PxFoundationDEBUG_x64:PxFoundationDEBUG_x64.dll
 0006:000001e0       __imp_?allocate@TempAllocator@shdfnd@physx@@QEAAPEAX_KPEBDH@Z 00000001802af1e0     PxFoundationDEBUG_x64:PxFoundationDEBUG_x64.dll
 0006:000001e8       __imp_?deallocate@TempAllocator@shdfnd@physx@@QEAAXPEAX@Z 00000001802af1e8     PxFoundationDEBUG_x64:PxFoundationDEBUG_x64.dll
 0006:000001f0       __imp_?atomicIncrement@shdfnd@physx@@YAHPECH@Z 00000001802af1f0     PxFoundationDEBUG_x64:PxFoundationDEBUG_x64.dll
 0006:000001f8       __imp_?atomicDecrement@shdfnd@physx@@YAHPECH@Z 00000001802af1f8     PxFoundationDEBUG_x64:PxFoundationDEBUG_x64.dll
 0006:00000200       __imp_PxGetProfilerCallback 00000001802af200     PxFoundationDEBUG_x64:PxFoundationDEBUG_x64.dll
 0006:00000208       __imp_??0MutexImpl@shdfnd@physx@@QEAA@XZ 00000001802af208     PxFoundationDEBUG_x64:PxFoundationDEBUG_x64.dll
 0006:00000210       __imp_??1MutexImpl@shdfnd@physx@@QEAA@XZ 00000001802af210     PxFoundationDEBUG_x64:PxFoundationDEBUG_x64.dll
 0006:00000218       __imp_?lock@MutexImpl@shdfnd@physx@@QEAAXXZ 00000001802af218     PxFoundationDEBUG_x64:PxFoundationDEBUG_x64.dll
 0006:00000220       __imp_?getSize@MutexImpl@shdfnd@physx@@SAAEBIXZ 00000001802af220     PxFoundationDEBUG_x64:PxFoundationDEBUG_x64.dll
 0006:00000228       \177PxFoundationDEBUG_x64_NULL_THUNK_DATA_DLA 00000001802af228     PxFoundationDEBUG_x64:PxFoundationDEBUG_x64.dll
 0006:00000870       \177PxFoundationDEBUG_x64_NULL_THUNK_DATA_DLB 00000001802af870     PxFoundationDEBUG_x64:PxFoundationDEBUG_x64.dll
 0007:00000000       __guard_check_icall_fptr   00000001802b0000     MSVCRTD:guard_support.obj
 0007:00000010       __guard_dispatch_icall_fptr 00000001802b0010     MSVCRTD:guard_support.obj
 0007:00000020       __guard_ss_verify_failure_fptr 00000001802b0020     MSVCRTD:guard_support.obj
 0007:00000030       __guard_ss_verify_sp_fptr  00000001802b0030     MSVCRTD:guard_support.obj
